tests/test_adapters.py::test_supported_adapter_and_table_surfaces_are_explicit
tests/test_adapters.py::test_table_normalizes_and_freezes_columns_and_rows
tests/test_adapters.py::test_table_rejects_invalid_columns_and_rows[columns0-rows0-non-empty strings]
tests/test_adapters.py::test_table_rejects_invalid_columns_and_rows[columns1-rows1-duplicates]
tests/test_adapters.py::test_table_rejects_invalid_columns_and_rows[columns2-rows2-extra]
tests/test_adapters.py::test_table_rejects_invalid_columns_and_rows[columns3-rows3-missing]
tests/test_adapters.py::test_table_rejects_string_columns_and_non_mapping_rows
tests/test_adapters.py::test_pandas_table_round_trip_preserves_columns_rows_and_runtime_values
tests/test_adapters.py::test_pandas_adapter_ignores_index_and_preserves_empty_columns
tests/test_adapters.py::test_csv_composes_table_and_dataframe_adapters_with_pandas_inference
tests/test_adapters.py::test_csv_rejects_rich_values_instead_of_stringifying_them
tests/test_adapters.py::test_csv_preserves_empty_tables_and_single_column_none_rows
tests/test_adapters.py::test_csv_rejects_non_finite_numbers
tests/test_adapters.py::test_csv_accepts_real_scalars_creates_parents_and_returns_path
tests/test_adapters.py::test_csv_rejects_unsupported_scalar_boundaries[inf]
tests/test_adapters.py::test_csv_rejects_unsupported_scalar_boundaries[-inf]
tests/test_adapters.py::test_csv_rejects_unsupported_scalar_boundaries[value2]
tests/test_adapters.py::test_graph_html_visualization_writes_the_selected_view
tests/test_adapters.py::test_graph_html_wraps_invalid_json_options[options0]
tests/test_adapters.py::test_graph_html_wraps_invalid_json_options[options1]
tests/test_adapters.py::test_arborescence_visualizations_return_plotly_traces
tests/test_adapters.py::test_arborescence_visualization_rejects_rich_or_invalid_values
tests/test_adapters.py::test_arborescence_visualization_label_fallback_and_validation
tests/test_adapters.py::test_arborescence_visualization_rejects_invalid_topology[rows0-unique]
tests/test_adapters.py::test_arborescence_visualization_rejects_invalid_topology[rows1-reference a row]
tests/test_adapters.py::test_arborescence_visualization_rejects_invalid_topology[rows2-one arborescence]
tests/test_adapters.py::test_arborescence_visualization_rejects_invalid_topology[rows3-one arborescence]
tests/test_adapters.py::test_arborescence_visualization_rejects_invalid_numeric_values[True]
tests/test_adapters.py::test_arborescence_visualization_rejects_invalid_numeric_values[-1]
tests/test_adapters.py::test_arborescence_visualization_rejects_invalid_numeric_values[nan]
tests/test_adapters.py::test_arborescence_visualization_rejects_invalid_numeric_values[inf]
tests/test_adapters.py::test_arborescence_visualization_rejects_child_totals_above_parent
tests/test_adapters.py::test_csv_projects_revision_and_entity_uuids_as_text
tests/test_calculation_equivalence.py::test_account_numeric_recurrence_matches_legacy[-20.0-advance-simple]
tests/test_calculation_equivalence.py::test_account_numeric_recurrence_matches_legacy[-20.0-advance-compound]
tests/test_calculation_equivalence.py::test_account_numeric_recurrence_matches_legacy[-20.0-advance-capitalized]
tests/test_calculation_equivalence.py::test_account_numeric_recurrence_matches_legacy[-20.0-arrears-simple]
tests/test_calculation_equivalence.py::test_account_numeric_recurrence_matches_legacy[-20.0-arrears-compound]
tests/test_calculation_equivalence.py::test_account_numeric_recurrence_matches_legacy[-20.0-arrears-capitalized]
tests/test_calculation_equivalence.py::test_account_numeric_recurrence_matches_legacy[0.0-advance-simple]
tests/test_calculation_equivalence.py::test_account_numeric_recurrence_matches_legacy[0.0-advance-compound]
tests/test_calculation_equivalence.py::test_account_numeric_recurrence_matches_legacy[0.0-advance-capitalized]
tests/test_calculation_equivalence.py::test_account_numeric_recurrence_matches_legacy[0.0-arrears-simple]
tests/test_calculation_equivalence.py::test_account_numeric_recurrence_matches_legacy[0.0-arrears-compound]
tests/test_calculation_equivalence.py::test_account_numeric_recurrence_matches_legacy[0.0-arrears-capitalized]
tests/test_calculation_equivalence.py::test_account_numeric_recurrence_matches_legacy[100.0-advance-simple]
tests/test_calculation_equivalence.py::test_account_numeric_recurrence_matches_legacy[100.0-advance-compound]
tests/test_calculation_equivalence.py::test_account_numeric_recurrence_matches_legacy[100.0-advance-capitalized]
tests/test_calculation_equivalence.py::test_account_numeric_recurrence_matches_legacy[100.0-arrears-simple]
tests/test_calculation_equivalence.py::test_account_numeric_recurrence_matches_legacy[100.0-arrears-compound]
tests/test_calculation_equivalence.py::test_account_numeric_recurrence_matches_legacy[100.0-arrears-capitalized]
tests/test_calculation_equivalence.py::test_bounded_cycle_matches_legacy_root[0]
tests/test_calculation_equivalence.py::test_bounded_cycle_matches_legacy_root[0.2]
tests/test_calculation_equivalence.py::test_bounded_cycle_matches_legacy_root[0.8]
tests/test_calculations.py::test_typed_content_roundtrip[None]
tests/test_calculations.py::test_typed_content_roundtrip[False]
tests/test_calculations.py::test_typed_content_roundtrip[True]
tests/test_calculations.py::test_typed_content_roundtrip[0]
tests/test_calculations.py::test_typed_content_roundtrip[1]
tests/test_calculations.py::test_typed_content_roundtrip[1.0]
tests/test_calculations.py::test_typed_content_roundtrip[-0.0]
tests/test_calculations.py::test_typed_content_roundtrip[]
tests/test_calculations.py::test_typed_content_roundtrip[value8]
tests/test_calculations.py::test_typed_content_roundtrip[value9]
tests/test_calculations.py::test_typed_content_roundtrip[value10]
tests/test_calculations.py::test_typed_content_roundtrip[value11]
tests/test_calculations.py::test_typed_content_roundtrip[value12]
tests/test_calculations.py::test_typed_content_roundtrip[value13]
tests/test_calculations.py::test_typed_content_roundtrip[value14]
tests/test_calculations.py::test_typed_content_roundtrip[value15]
tests/test_calculations.py::test_typed_content_roundtrip[value16]
tests/test_calculations.py::test_typed_content_roundtrip[value17]
tests/test_calculations.py::test_typed_content_roundtrip[value18]
tests/test_calculations.py::test_typed_content_roundtrip[value19]
tests/test_calculations.py::test_property_detachment_and_rejections
tests/test_calculations.py::test_model_flow_content_store_and_stream
tests/test_calculations.py::test_calendar_frequencies[day-2-end0]
tests/test_calculations.py::test_calendar_frequencies[week-2-end1]
tests/test_calculations.py::test_calendar_frequencies[biweek-2-end2]
tests/test_calculations.py::test_calendar_frequencies[month-2-end3]
tests/test_calculations.py::test_calendar_frequencies[quarter-2-end4]
tests/test_calculations.py::test_calendar_frequencies[halfyear-2-end5]
tests/test_calculations.py::test_calendar_frequencies[year-2-end6]
tests/test_calculations.py::test_calendar_frequencies[biennium-2-end7]
tests/test_calculations.py::test_calendar_frequencies[quinquennium-2-end8]
tests/test_calculations.py::test_calendar_frequencies[decade-2-end9]
tests/test_calculations.py::test_month_anchor_and_leap_year
tests/test_calculations.py::test_duplicate_events_order_and_periods
tests/test_calculations.py::test_units_and_factor_product
tests/test_calculations.py::test_explicit_calendar_integration
tests/test_calculations.py::test_missing_alignment_and_coverage
tests/test_calculations.py::test_resample_complete_calendar_and_explicit_reduction
tests/test_calculations.py::test_distribution_sampling_and_mass[uniform]
tests/test_calculations.py::test_distribution_sampling_and_mass[triangular]
tests/test_calculations.py::test_distribution_sampling_and_mass[pert]
tests/test_calculations.py::test_projection_and_partition_invariants
tests/test_calculations.py::test_financial_independent_examples
tests/test_calculations.py::test_account_interest_modes[simple-100]
tests/test_calculations.py::test_account_interest_modes[compound-121]
tests/test_calculations.py::test_account_interest_modes[capitalized-123.45679012345678]
tests/test_calculations.py::test_account_overdraft_and_timing
tests/test_calculations.py::test_adapter_exports_are_detached
tests/test_calculations.py::test_dynamics_fixed_inputs
tests/test_calculations.py::test_weighted_rates_and_partial_period_helpers
tests/test_calculations.py::test_distinct_property_and_flow_roles_reject_malformed_content
tests/test_calculations.py::test_polars_preserves_explicit_null_and_omission
tests/test_calculations.py::test_invalid_timezone_is_a_domain_validation_error
tests/test_cytoscape_adapter.py::test_projection_uses_uuids_preserves_membership_and_exports_view
tests/test_cytoscape_adapter.py::test_invalid_display_documents_fail_before_export
tests/test_document_operations.py::test_nested_normalization_and_independent_copies
tests/test_document_operations.py::test_reject_unsupported_specification_values[value0]
tests/test_document_operations.py::test_reject_unsupported_specification_values[<lambda>]
tests/test_document_operations.py::test_reject_unsupported_specification_values[nan]
tests/test_document_operations.py::test_reject_unsupported_specification_values[inf]
tests/test_document_operations.py::test_reject_unsupported_specification_values[value4]
tests/test_document_operations.py::test_cycles_rejected_and_shared_containers_allowed
tests/test_document_operations.py::test_fingerprint_type_and_order_semantics
tests/test_document_operations.py::test_outcomes_and_method_version
tests/test_document_operations.py::test_inspection_and_pagination_are_recorded
tests/test_document_operations.py::test_cursor_snapshot_query_binding_and_empty_search
tests/test_document_operations.py::test_bad_limits_are_api_errors[0]
tests/test_document_operations.py::test_bad_limits_are_api_errors[501]
tests/test_document_operations.py::test_bad_limits_are_api_errors[True]
tests/test_document_operations.py::test_bad_limits_are_api_errors[50]
tests/test_document_operations.py::test_foreign_location_and_unsupported_capability
tests/test_document_operations.py::test_unexpected_backend_failure_is_not_a_diagnostic
tests/test_domain_io.py::test_every_fixture_roundtrips_without_storage_envelopes[json-model-forward-output]
tests/test_domain_io.py::test_every_fixture_roundtrips_without_storage_envelopes[json-model-inverse-output]
tests/test_domain_io.py::test_every_fixture_roundtrips_without_storage_envelopes[json-model]
tests/test_domain_io.py::test_every_fixture_roundtrips_without_storage_envelopes[json-run-batch]
tests/test_domain_io.py::test_every_fixture_roundtrips_without_storage_envelopes[json-run-failed]
tests/test_domain_io.py::test_every_fixture_roundtrips_without_storage_envelopes[json-run-forward]
tests/test_domain_io.py::test_every_fixture_roundtrips_without_storage_envelopes[json-run-inverse]
tests/test_domain_io.py::test_every_fixture_roundtrips_without_storage_envelopes[json-run-skipped]
tests/test_domain_io.py::test_every_fixture_roundtrips_without_storage_envelopes[json-specification-batch]
tests/test_domain_io.py::test_every_fixture_roundtrips_without_storage_envelopes[json-specification-common]
tests/test_domain_io.py::test_every_fixture_roundtrips_without_storage_envelopes[json-specification-composed-forward]
tests/test_domain_io.py::test_every_fixture_roundtrips_without_storage_envelopes[json-specification-composed-inverse]
tests/test_domain_io.py::test_every_fixture_roundtrips_without_storage_envelopes[json-specification-forward]
tests/test_domain_io.py::test_every_fixture_roundtrips_without_storage_envelopes[json-specification-inverse]
tests/test_domain_io.py::test_every_fixture_roundtrips_without_storage_envelopes[json-specification-objectives]
tests/test_domain_io.py::test_every_fixture_roundtrips_without_storage_envelopes[json-specification-optimization]
tests/test_domain_io.py::test_every_fixture_roundtrips_without_storage_envelopes[yaml-model-forward-output]
tests/test_domain_io.py::test_every_fixture_roundtrips_without_storage_envelopes[yaml-model-inverse-output]
tests/test_domain_io.py::test_every_fixture_roundtrips_without_storage_envelopes[yaml-model]
tests/test_domain_io.py::test_every_fixture_roundtrips_without_storage_envelopes[yaml-run-batch]
tests/test_domain_io.py::test_every_fixture_roundtrips_without_storage_envelopes[yaml-run-failed]
tests/test_domain_io.py::test_every_fixture_roundtrips_without_storage_envelopes[yaml-run-forward]
tests/test_domain_io.py::test_every_fixture_roundtrips_without_storage_envelopes[yaml-run-inverse]
tests/test_domain_io.py::test_every_fixture_roundtrips_without_storage_envelopes[yaml-run-skipped]
tests/test_domain_io.py::test_every_fixture_roundtrips_without_storage_envelopes[yaml-specification-batch]
tests/test_domain_io.py::test_every_fixture_roundtrips_without_storage_envelopes[yaml-specification-common]
tests/test_domain_io.py::test_every_fixture_roundtrips_without_storage_envelopes[yaml-specification-composed-forward]
tests/test_domain_io.py::test_every_fixture_roundtrips_without_storage_envelopes[yaml-specification-composed-inverse]
tests/test_domain_io.py::test_every_fixture_roundtrips_without_storage_envelopes[yaml-specification-forward]
tests/test_domain_io.py::test_every_fixture_roundtrips_without_storage_envelopes[yaml-specification-inverse]
tests/test_domain_io.py::test_every_fixture_roundtrips_without_storage_envelopes[yaml-specification-objectives]
tests/test_domain_io.py::test_every_fixture_roundtrips_without_storage_envelopes[yaml-specification-optimization]
tests/test_domain_io.py::test_ambiguous_or_non_json_text_is_rejected[rangekeeper.io.json-{"metadata": {}, "metadata": {}}]
tests/test_domain_io.py::test_ambiguous_or_non_json_text_is_rejected[rangekeeper.io.json-{"nested": {"x": 1, "x": 2}}]
tests/test_domain_io.py::test_ambiguous_or_non_json_text_is_rejected[rangekeeper.io.json-{"value": NaN}]
tests/test_domain_io.py::test_ambiguous_or_non_json_text_is_rejected[rangekeeper.io.json-{"value": 1e999}]
tests/test_domain_io.py::test_ambiguous_or_non_json_text_is_rejected[rangekeeper.io.yaml-metadata: {}\nmetadata: {}]
tests/test_domain_io.py::test_ambiguous_or_non_json_text_is_rejected[rangekeeper.io.yaml-nested: {x: 1, x: 2}]
tests/test_domain_io.py::test_ambiguous_or_non_json_text_is_rejected[rangekeeper.io.yaml-value: .nan]
tests/test_domain_io.py::test_ambiguous_or_non_json_text_is_rejected[rangekeeper.io.yaml-value: !!bool invalid]
tests/test_domain_io.py::test_ambiguous_or_non_json_text_is_rejected[rangekeeper.io.yaml-value: .inf]
tests/test_domain_io.py::test_ambiguous_or_non_json_text_is_rejected[rangekeeper.io.yaml-value: &a [*a]]
tests/test_domain_io.py::test_ambiguous_or_non_json_text_is_rejected[rangekeeper.io.yaml-value: !!python/object/apply:os.system ["false"]]
tests/test_domain_io.py::test_ambiguous_or_non_json_text_is_rejected[rangekeeper.io.yaml-value: !!binary YQ==]
tests/test_domain_io.py::test_ambiguous_or_non_json_text_is_rejected[rangekeeper.io.yaml-value: !!set {a: null}]
tests/test_domain_io.py::test_ambiguous_or_non_json_text_is_rejected[rangekeeper.io.yaml-value: {<<: {x: 1}, x: 2}]
tests/test_domain_io.py::test_ambiguous_or_non_json_text_is_rejected[rangekeeper.io.yaml-1: value]
tests/test_domain_io.py::test_ambiguous_or_non_json_text_is_rejected[rangekeeper.io.yaml----\n{}\n---\n{}]
tests/test_domain_io.py::test_codecs_require_kind_and_distinguish_decode_shape_and_version_errors[rangekeeper.io.json]
tests/test_domain_io.py::test_codecs_require_kind_and_distinguish_decode_shape_and_version_errors[rangekeeper.io.yaml]
tests/test_domain_io.py::test_yaml_preserves_json_scalar_meaning_inside_opaque_claims
tests/test_domain_io.py::test_file_codec_never_overwrites_and_preserves_existing_bytes[rangekeeper.io.json]
tests/test_domain_io.py::test_file_codec_never_overwrites_and_preserves_existing_bytes[rangekeeper.io.yaml]
tests/test_domain_io.py::test_store_pins_snapshots_and_preserves_old_revisions[memory]
tests/test_domain_io.py::test_store_pins_snapshots_and_preserves_old_revisions[directory]
tests/test_domain_io.py::test_conflicting_content_and_kind_do_not_replace_a_revision[memory]
tests/test_domain_io.py::test_conflicting_content_and_kind_do_not_replace_a_revision[directory]
tests/test_domain_io.py::test_unordered_equivalence_keeps_first_encounter_order[memory]
tests/test_domain_io.py::test_unordered_equivalence_keeps_first_encounter_order[directory]
tests/test_domain_io.py::test_revision_equivalence_preserves_opaque_representations[memory-number]
tests/test_domain_io.py::test_revision_equivalence_preserves_opaque_representations[memory-bool]
tests/test_domain_io.py::test_revision_equivalence_preserves_opaque_representations[memory-order]
tests/test_domain_io.py::test_revision_equivalence_preserves_opaque_representations[memory-presence]
tests/test_domain_io.py::test_revision_equivalence_preserves_opaque_representations[directory-number]
tests/test_domain_io.py::test_revision_equivalence_preserves_opaque_representations[directory-bool]
tests/test_domain_io.py::test_revision_equivalence_preserves_opaque_representations[directory-order]
tests/test_domain_io.py::test_revision_equivalence_preserves_opaque_representations[directory-presence]
tests/test_domain_io.py::test_model_mathematical_order_is_not_canonicalized_away[memory]
tests/test_domain_io.py::test_model_mathematical_order_is_not_canonicalized_away[directory]
tests/test_domain_io.py::test_directory_construction_and_invalid_put_do_not_create_storage
tests/test_domain_io.py::test_directory_reads_verify_envelope_identity_kind_and_version[identity-IdentityConflictError]
tests/test_domain_io.py::test_directory_reads_verify_envelope_identity_kind_and_version[kind-DecodeError]
tests/test_domain_io.py::test_directory_reads_verify_envelope_identity_kind_and_version[envelope-DecodeError]
tests/test_domain_io.py::test_directory_reads_verify_envelope_identity_kind_and_version[version-UnsupportedVersionError]
tests/test_domain_io.py::test_concurrent_directory_puts_are_idempotent_or_conflicting[True]
tests/test_domain_io.py::test_concurrent_directory_puts_are_idempotent_or_conflicting[False]
tests/test_domain_io.py::test_interrupted_publication_exposes_no_partial_final_file
tests/test_domain_io.py::test_process_crash_before_link_leaves_only_ignored_temporary_file
tests/test_domain_io.py::test_store_preserves_objective_order[memory]
tests/test_domain_io.py::test_store_preserves_objective_order[directory]
tests/test_domain_io.py::test_store_preserves_trace_order_and_optional_presence[memory]
tests/test_domain_io.py::test_store_preserves_trace_order_and_optional_presence[directory]
tests/test_domain_io.py::test_codec_preserves_permission_errors
tests/test_domain_model.py::test_fixture_factories_detach_and_preserve[model]
tests/test_domain_model.py::test_fixture_factories_detach_and_preserve[model-forward-output]
tests/test_domain_model.py::test_fixture_factories_detach_and_preserve[model-inverse-output]
tests/test_domain_model.py::test_owner_local_values_share_a_measure_without_collapsing
tests/test_domain_model.py::test_canonical_assembly_search_and_lookup_errors
tests/test_domain_model.py::test_definition_identity_is_separate_from_code_lookup
tests/test_domain_model.py::test_revisions_preserve_old_lookup_and_provenance_atomically
tests/test_domain_model.py::test_revision_noop_lineage_version_and_empty_sections
tests/test_domain_model.py::test_explicit_metadata_and_descriptive_revision
tests/test_domain_model.py::test_duplicate_ownership_and_opaque_identity
tests/test_domain_model.py::test_provenance_traversal_is_scoped_and_does_not_read_files
tests/test_domain_model.py::test_diff_preserves_presence_and_opaque_types_and_order
tests/test_domain_model.py::test_unit_dimensions[m-foot-True]
tests/test_domain_model.py::test_unit_dimensions[squaremeter-squarefoot-True]
tests/test_domain_model.py::test_unit_dimensions[AUD-USD-False]
tests/test_domain_model.py::test_unit_dimensions[dwelling-dimensionless-False]
tests/test_domain_model.py::test_unit_dimensions[AUD/year-AUD/dwelling/year-False]
tests/test_domain_model.py::test_unit_conversion_and_configuration_are_immutable
tests/test_domain_model.py::test_model_validates_recorded_units_but_not_opaque_content
tests/test_domain_model.py::test_ordered_mathematics_is_not_sorted_for_revision_comparison
tests/test_domain_run.py::test_local_run_snapshots_are_immutable_and_do_not_execute[forward]
tests/test_domain_run.py::test_local_run_snapshots_are_immutable_and_do_not_execute[inverse]
tests/test_domain_run.py::test_local_run_snapshots_are_immutable_and_do_not_execute[failed]
tests/test_domain_run.py::test_local_run_snapshots_are_immutable_and_do_not_execute[skipped]
tests/test_domain_run.py::test_local_run_snapshots_are_immutable_and_do_not_execute[batch]
tests/test_domain_run.py::test_local_run_rejects_inconsistent_evidence[status]
tests/test_domain_run.py::test_local_run_rejects_inconsistent_evidence[output]
tests/test_domain_run.py::test_local_run_rejects_inconsistent_evidence[duplicate_spawn]
tests/test_domain_run.py::test_local_run_rejects_inconsistent_evidence[self_spawn]
tests/test_domain_run.py::test_local_run_rejects_inconsistent_evidence[predecessor]
tests/test_domain_run.py::test_local_run_rejects_inconsistent_evidence[diagnostic]
tests/test_domain_run.py::test_local_run_rejects_inconsistent_evidence[runtime]
tests/test_domain_run.py::test_local_run_rejects_inconsistent_evidence[timing]
tests/test_domain_run.py::test_local_run_rejects_inconsistent_evidence[trace]
tests/test_domain_run.py::test_run_version_is_checked_without_resolving_external_documents
tests/test_domain_run.py::test_real_store_resolves_all_synthetic_fixture_trees
tests/test_domain_run.py::test_missing_output_rejects_publication_without_partial_run
tests/test_domain_run.py::test_failed_attempt_can_reference_an_incomplete_saved_specification
tests/test_domain_run.py::test_resolver_results_must_match_requested_kind_and_revision[kind-reference.kind]
tests/test_domain_run.py::test_resolver_results_must_match_requested_kind_and_revision[identity-reference.identity]
tests/test_domain_run.py::test_spawn_cycle_is_detected_without_infinite_resolution
tests/test_domain_run.py::test_scoped_report_documents_resolve_outside_the_input_tree
tests/test_domain_specification.py::test_partial_and_batch_fixtures_are_locally_valid[specification-batch]
tests/test_domain_specification.py::test_partial_and_batch_fixtures_are_locally_valid[specification-common]
tests/test_domain_specification.py::test_partial_and_batch_fixtures_are_locally_valid[specification-composed-forward]
tests/test_domain_specification.py::test_partial_and_batch_fixtures_are_locally_valid[specification-composed-inverse]
tests/test_domain_specification.py::test_partial_and_batch_fixtures_are_locally_valid[specification-forward]
tests/test_domain_specification.py::test_partial_and_batch_fixtures_are_locally_valid[specification-inverse]
tests/test_domain_specification.py::test_partial_and_batch_fixtures_are_locally_valid[specification-objectives]
tests/test_domain_specification.py::test_partial_and_batch_fixtures_are_locally_valid[specification-optimization]
tests/test_domain_specification.py::test_diamond_contributes_once_with_immutable_trace
tests/test_domain_specification.py::test_independent_duplicate_requirement_is_a_conflict
tests/test_domain_specification.py::test_conflicting_model_pins_and_role_overlap
tests/test_domain_specification.py::test_missing_wrong_kind_wrong_identity_and_cycles
tests/test_domain_specification.py::test_complete_composed_investigations_pin_the_model[specification-composed-forward]
tests/test_domain_specification.py::test_complete_composed_investigations_pin_the_model[specification-composed-inverse]
tests/test_domain_specification.py::test_partial_roles_do_not_become_complete_from_recorded_values
tests/test_domain_specification.py::test_batch_is_not_flattened_or_included_as_one_investigation
tests/test_domain_specification.py::test_local_revision_and_unknown_external_references
tests/test_domain_specification.py::test_duplicate_local_references_and_identity_reuse_are_rejected
tests/test_domain_specification.py::test_specification_local_recorded_quantity_units_are_checked_after_composition
tests/test_domain_specification.py::test_model_resolver_must_return_the_requested_revision
tests/test_domain_specification.py::test_locally_known_role_target_cannot_masquerade_as_value
tests/test_dynamics.py::TestDynamics::test_trend
tests/test_dynamics.py::TestDynamics::test_volatility
tests/test_dynamics.py::TestDynamics::test_cyclicality
tests/test_dynamics.py::TestDynamics::test_noise
tests/test_dynamics.py::TestDynamics::test_black_swan
tests/test_dynamics.py::TestDynamics::test_likelihoods
tests/test_dynamics.py::TestDynamics::test_dynamic_modelling
tests/test_dynamics.py::TestDynamics::test_policy
tests/test_excel_ingestion.py::test_snapshot_fidelity_and_no_source_mutation
tests/test_excel_ingestion.py::test_physical_extraction_keeps_blank_rows_and_issues
tests/test_excel_ingestion.py::test_formula_lineage_and_distinct_missing_states
tests/test_excel_ingestion.py::test_identities_repeated_reads_paths_columns_and_source_editions
tests/test_excel_ingestion.py::test_snapshot_fingerprint_includes_observations
tests/test_excel_ingestion.py::test_source_failures_have_diagnostics_without_fabricated_sources
tests/test_excel_ingestion.py::test_extraction_mismatch_diagnostics[changes0-missing_sheet]
tests/test_excel_ingestion.py::test_extraction_mismatch_diagnostics[changes1-layout_mismatch]
tests/test_excel_ingestion.py::test_extraction_mismatch_diagnostics[changes2-missing_stop_marker]
tests/test_excel_ingestion.py::test_empty_range_and_exact_typed_guards
tests/test_excel_ingestion.py::test_navigation_inspection_truncation_and_literal_search
tests/test_excel_ingestion.py::test_invalid_declarations_raise[changes0]
tests/test_excel_ingestion.py::test_invalid_declarations_raise[changes1]
tests/test_excel_ingestion.py::test_invalid_declarations_raise[changes2]
tests/test_excel_ingestion.py::test_invalid_declarations_raise[changes3]
tests/test_excel_ingestion.py::test_invalid_declarations_raise[changes4]
tests/test_excel_ingestion.py::test_invalid_declarations_raise[changes5]
tests/test_excel_ingestion.py::test_invalid_declarations_raise[changes6]
tests/test_excel_ingestion.py::test_invalid_declarations_raise[changes7]
tests/test_excel_ingestion.py::test_invalid_declarations_raise[changes8]
tests/test_excel_ingestion.py::test_invalid_declarations_raise[changes9]
tests/test_excel_ingestion.py::test_invalid_declarations_raise[changes10]
tests/test_excel_ingestion.py::test_yaml_decoder_defaults_order_and_rejections
tests/test_excel_ingestion.py::test_fresh_process_determinism_and_optional_import_isolation
tests/test_excel_ingestion.py::test_reader_uses_one_captured_byte_sequence
tests/test_excel_ingestion.py::test_missing_optional_reader_dependency_is_explicit
tests/test_excel_ingestion.py::test_canonical_coordinates_and_single_cell_merge
tests/test_excel_ingestion.py::test_missing_inspection_sheet_uses_actual_workbook_root
tests/test_excel_ingestion.py::test_resolved_defaults_and_yaml_mapping_order_have_identical_operations
tests/test_excel_ingestion.py::test_snapshot_construction_defects_propagate
tests/test_excel_ingestion.py::test_inspection_and_extraction_share_missing_sheet_diagnostics
tests/test_execution.py::test_declared_forward_then_inverse_on_genuine_output[False]
tests/test_execution.py::test_declared_forward_then_inverse_on_genuine_output[True]
tests/test_execution.py::test_inputs_and_declared_equations_drive_results[input-11800000]
tests/test_execution.py::test_inputs_and_declared_equations_drive_results[expression-13000000]
tests/test_execution.py::test_assignment_unit_conversion_is_checked_and_published_canonically
tests/test_execution.py::test_temporary_bounds_and_inconsistent_equations[less_than_or_equal-12000000-True]
tests/test_execution.py::test_temporary_bounds_and_inconsistent_equations[greater_than_or_equal-10000000-True]
tests/test_execution.py::test_temporary_bounds_and_inconsistent_equations[less_than_or_equal-10000000-False]
tests/test_execution.py::test_temporary_bounds_and_inconsistent_equations[equal-10000000-False]
tests/test_execution.py::test_expected_failures_have_evidence_and_no_output[nonlinear]
tests/test_execution.py::test_expected_failures_have_evidence_and_no_output[strict]
tests/test_execution.py::test_expected_failures_have_evidence_and_no_output[objectives]
tests/test_execution.py::test_expected_failures_have_evidence_and_no_output[missing_role]
tests/test_execution.py::test_expected_failures_have_evidence_and_no_output[units]
tests/test_execution.py::test_expected_failures_have_evidence_and_no_output[division_zero]
tests/test_execution.py::test_underdetermined_case_returns_one_candidate_without_uniqueness_claim
tests/test_execution.py::test_independent_acceptance_rejects_solver_claim_and_serialized_tampering
tests/test_execution.py::test_composition_conflict_and_mixed_nested_batches_account_for_every_case
tests/test_execution.py::test_requested_settings_are_applied_or_explicitly_accounted_for
tests/test_execution.py::test_tiny_budget_never_claims_infeasibility
tests/test_execution.py::test_deadline_kills_and_reaps_a_stalled_worker
tests/test_execution.py::test_backend_statuses_do_not_overclaim[error]
tests/test_execution.py::test_backend_statuses_do_not_overclaim[infeasibleOrUnbounded]
tests/test_execution.py::test_backend_statuses_do_not_overclaim[unknown]
tests/test_execution.py::test_backend_statuses_do_not_overclaim[iterationLimit]
tests/test_execution.py::test_missing_references_and_invalid_batch_graph_raise_before_execution
tests/test_execution.py::test_acceptance_policy_rejects_invalid_tolerances[kwargs0]
tests/test_execution.py::test_acceptance_policy_rejects_invalid_tolerances[kwargs1]
tests/test_execution.py::test_acceptance_policy_rejects_invalid_tolerances[kwargs2]
tests/test_execution.py::test_acceptance_policy_rejects_invalid_tolerances[kwargs3]
tests/test_execution.py::test_constant_only_assertions_and_repeated_publication[True]
tests/test_execution.py::test_constant_only_assertions_and_repeated_publication[False]
tests/test_execution.py::test_unconstrained_unknown_has_explicit_choice_evidence
tests/test_execution.py::test_real_simplex_iteration_limit_has_no_infeasibility_claim
tests/test_execution.py::test_unknown_assignment_units_still_allow_failed_run_evidence
tests/test_execution.py::test_supported_arithmetic_and_conjunction[negate]
tests/test_execution.py::test_supported_arithmetic_and_conjunction[divide]
tests/test_execution.py::test_supported_arithmetic_and_conjunction[power]
tests/test_execution.py::test_supported_arithmetic_and_conjunction[constant_power]
tests/test_execution.py::test_supported_arithmetic_and_conjunction[conjunction]
tests/test_execution.py::test_nonfinite_or_boolean_backend_candidates_are_never_published[nan]
tests/test_execution.py::test_nonfinite_or_boolean_backend_candidates_are_never_published[inf]
tests/test_execution.py::test_nonfinite_or_boolean_backend_candidates_are_never_published[True]
tests/test_execution.py::test_scalar_execution_retains_unrelated_rich_content
tests/test_financial_library.py::test_explicit_valuation_before_between_and_after_payments[0-actual/365-periods0-valuation_periods0]
tests/test_financial_library.py::test_explicit_valuation_before_between_and_after_payments[0-actual/360-periods1-valuation_periods1]
tests/test_financial_library.py::test_explicit_valuation_before_between_and_after_payments[0-actual/actual-periods2-valuation_periods2]
tests/test_financial_library.py::test_explicit_valuation_before_between_and_after_payments[0-30/360-periods3-valuation_periods3]
tests/test_financial_library.py::test_explicit_valuation_before_between_and_after_payments[0.1-actual/365-periods0-valuation_periods0]
tests/test_financial_library.py::test_explicit_valuation_before_between_and_after_payments[0.1-actual/360-periods1-valuation_periods1]
tests/test_financial_library.py::test_explicit_valuation_before_between_and_after_payments[0.1-actual/actual-periods2-valuation_periods2]
tests/test_financial_library.py::test_explicit_valuation_before_between_and_after_payments[0.1-30/360-periods3-valuation_periods3]
tests/test_financial_library.py::test_explicit_valuation_before_between_and_after_payments[-0.1-actual/365-periods0-valuation_periods0]
tests/test_financial_library.py::test_explicit_valuation_before_between_and_after_payments[-0.1-actual/360-periods1-valuation_periods1]
tests/test_financial_library.py::test_explicit_valuation_before_between_and_after_payments[-0.1-actual/actual-periods2-valuation_periods2]
tests/test_financial_library.py::test_explicit_valuation_before_between_and_after_payments[-0.1-30/360-periods3-valuation_periods3]
tests/test_financial_library.py::test_day_count_boundaries_and_reversed_dates
tests/test_financial_library.py::test_pv_keeps_records_and_non_currency_units[-1]
tests/test_financial_library.py::test_pv_keeps_records_and_non_currency_units[0]
tests/test_financial_library.py::test_pv_keeps_records_and_non_currency_units[1]
tests/test_financial_library.py::test_pv_keeps_records_and_non_currency_units[3]
tests/test_financial_library.py::test_empty_zero_and_single_payment_flows
tests/test_financial_library.py::test_repeated_payment_dates_are_retained
tests/test_financial_library.py::test_irr_uses_selected_day_count[actual/365-1.0027397260273974]
tests/test_financial_library.py::test_irr_uses_selected_day_count[actual/360-1.0166666666666666]
tests/test_financial_library.py::test_irr_uses_selected_day_count[actual/actual-1]
tests/test_financial_library.py::test_irr_uses_selected_day_count[30/360-1]
tests/test_financial_library.py::test_guess_can_select_different_roots_and_no_root_is_an_error
tests/test_financial_library.py::test_irr_rejects_failed_or_inaccurate_backend_results[None]
tests/test_financial_library.py::test_irr_rejects_failed_or_inaccurate_backend_results[nan]
tests/test_financial_library.py::test_irr_rejects_failed_or_inaccurate_backend_results[inf]
tests/test_financial_library.py::test_irr_rejects_failed_or_inaccurate_backend_results[-1.0]
tests/test_financial_library.py::test_irr_rejects_failed_or_inaccurate_backend_results[0.5]
tests/test_financial_library.py::test_unresolved_content_is_not_financial_input
tests/test_flow_dates.py::test_schema_date_or_timestamp_union_retains_timestamp_support
tests/test_flow_dates.py::test_date_records_and_detached_wire_format
tests/test_flow_dates.py::test_datetimes_are_not_flow_coordinates[value0]
tests/test_flow_dates.py::test_datetimes_are_not_flow_coordinates[value1]
tests/test_flow_dates.py::test_wire_dates_must_be_valid_iso_dates[2026-01-01T00:00:00]
tests/test_flow_dates.py::test_wire_dates_must_be_valid_iso_dates[2026-02-30]
tests/test_flow_dates.py::test_wire_dates_must_be_valid_iso_dates[01/01/2026]
tests/test_flow_dates.py::test_sample_needs_date_or_period
tests/test_flow_dates.py::test_period_timing_is_explicit_and_does_not_change_content
tests/test_flow_dates.py::test_payment_date_is_independent_of_coverage
tests/test_flow_dates.py::test_period_irr_requires_timing_and_resolves_payment_order
tests/test_flow_dates.py::test_collapse_requires_a_date_or_convention
tests/test_flow_dates.py::test_pandas_date_projection_and_midnight_import
tests/test_flow_dates.py::test_date_and_period_null_presence_survives_frames[pandas]
tests/test_flow_dates.py::test_date_and_period_null_presence_survives_frames[polars]
tests/test_flow_operations.py::test_flow_wire_contract_rejects_semantic_classification[basis]
tests/test_flow_operations.py::test_flow_wire_contract_rejects_semantic_classification[kind]
tests/test_flow_operations.py::test_old_samples_field_is_rejected_instead_of_losing_entries[False]
tests/test_flow_operations.py::test_old_samples_field_is_rejected_instead_of_losing_entries[True]
tests/test_flow_operations.py::test_model_can_select_different_reductions_for_the_same_flow[sum-30]
tests/test_flow_operations.py::test_model_can_select_different_reductions_for_the_same_flow[first-10]
tests/test_flow_operations.py::test_model_can_select_different_reductions_for_the_same_flow[last-20]
tests/test_flow_operations.py::test_model_can_select_different_reductions_for_the_same_flow[min-10]
tests/test_flow_operations.py::test_model_can_select_different_reductions_for_the_same_flow[max-20]
tests/test_flow_operations.py::test_model_can_select_different_reductions_for_the_same_flow[mean-15]
tests/test_flow_operations.py::test_means_require_a_choice_and_do_not_infer_weighting_from_units
tests/test_flow_operations.py::test_products_preserve_time_dimensions_and_scaled_dimensionless_units
tests/test_flow_operations.py::test_exposure_is_an_explicit_operation_without_a_rate_classification
tests/test_flow_operations.py::test_account_argument_defines_rate_role_and_checks_units
tests/test_flow_operations.py::test_explicit_zero_fill_does_not_resolve_present_unknowns[sum]
tests/test_flow_operations.py::test_explicit_zero_fill_does_not_resolve_present_unknowns[last]
tests/test_flow_operations.py::test_explicit_zero_fill_does_not_resolve_present_unknowns[mean]
tests/test_formulas.py::TestFinancial::test_simple_interest
tests/test_formulas.py::TestFinancial::test_compounded_interest
tests/test_formulas.py::TestFinancial::test_amortized_loan
tests/test_formulas.py::TestFinancial::test_capitalized_interest
tests/test_formulas.py::TestFinancial::test_balance
tests/test_formulas.py::TestFinancial::test_balances
tests/test_formulas.py::TestSolver::test_residual
tests/test_graph_json.py::test_roundtrip_preserves_canonical_references_and_types
tests/test_graph_json.py::test_invalid_documents_fail[<lambda>0]
tests/test_graph_json.py::test_invalid_documents_fail[<lambda>1]
tests/test_graph_json.py::test_invalid_documents_fail[<lambda>2]
tests/test_graph_json.py::test_invalid_documents_fail[<lambda>3]
tests/test_graph_json.py::test_invalid_documents_fail[<lambda>4]
tests/test_graph_json.py::test_unknown_payload_and_cycles_do_not_overwrite
tests/test_graph_json.py::test_duplicate_json_keys_and_unregistered_types
tests/test_graph_json.py::test_named_timezone_ambiguous_fold
tests/test_graph_json.py::test_malformed_payload_tags_fail[payload0]
tests/test_graph_json.py::test_malformed_payload_tags_fail[payload1]
tests/test_graph_json.py::test_malformed_payload_tags_fail[payload2]
tests/test_graph_json.py::test_malformed_payload_tags_fail[payload3]
tests/test_graph_json.py::test_malformed_payload_tags_fail[payload4]
tests/test_graph_json.py::test_malformed_payload_tags_fail[payload5]
tests/test_graph_json.py::test_malformed_payload_tags_fail[payload6]
tests/test_graph_json.py::test_malformed_payload_tags_fail[payload7]
tests/test_graph_json.py::test_malformed_payload_tags_fail[payload8]
tests/test_graph_json.py::test_malformed_payload_tags_fail[payload9]
tests/test_graph_json.py::test_conflicting_facts_and_all_temporal_scalars
tests/test_immutable_graph.py::test_new_and_legacy_views_have_explicit_domain_boundaries
tests/test_immutable_graph.py::test_uuid_defaults_and_deterministic_uuid5
tests/test_immutable_graph.py::test_entity_and_assembly_reject_blank_optional_text[-code]
tests/test_immutable_graph.py::test_entity_and_assembly_reject_blank_optional_text[-name]
tests/test_immutable_graph.py::test_entity_and_assembly_reject_blank_optional_text[   -code]
tests/test_immutable_graph.py::test_entity_and_assembly_reject_blank_optional_text[   -name]
tests/test_immutable_graph.py::test_entity_and_assembly_reject_non_text_optional_text[code]
tests/test_immutable_graph.py::test_entity_and_assembly_reject_non_text_optional_text[name]
tests/test_immutable_graph.py::test_retired_mutable_and_embedded_provenance_apis_are_absent
tests/test_immutable_graph.py::test_graph_namespace_exports_are_exact_and_adapters_load_lazily
tests/test_immutable_graph.py::test_reduction_factories_validate_requests
tests/test_immutable_graph.py::test_aggregation_requires_exact_view_entity_keys
tests/test_immutable_graph.py::test_taxonomy_is_frozen_single_root_and_acyclic
tests/test_immutable_graph.py::test_definitions_and_measure_validation
tests/test_immutable_graph.py::test_catalog_inputs_normalize_from_iterables_and_mappings
tests/test_immutable_graph.py::test_classification_codes_are_unique_within_a_taxonomy
tests/test_immutable_graph.py::test_identifiable_characteristics_and_keyed_views
tests/test_immutable_graph.py::test_feature_values_may_be_arbitrary_and_are_shallowly_immutable
tests/test_immutable_graph.py::test_characteristic_uuid_uniqueness_is_enforced_by_graph
tests/test_immutable_graph.py::test_graph_requires_registered_definition_instances
tests/test_immutable_graph.py::test_catalog_normalizes_validates_and_preserves_mapping_semantics
tests/test_immutable_graph.py::test_semantic_definition_and_entity_lookup
tests/test_immutable_graph.py::test_classification_codes_are_scoped_to_taxonomy
tests/test_immutable_graph.py::test_definitions_return_the_taxonomy_owning_a_classification
tests/test_immutable_graph.py::test_redundant_definition_lookup_facades_are_absent
tests/test_immutable_graph.py::test_definition_lookup_errors_include_kind_and_scope
tests/test_immutable_graph.py::test_taxonomy_hierarchy_requires_registered_classifications
tests/test_immutable_graph.py::test_relationship_and_assembly_validation
tests/test_immutable_graph.py::test_assembly_factory_retains_uuid_membership
tests/test_immutable_graph.py::test_claim_kind_requirements_and_direct_dependencies
tests/test_immutable_graph.py::test_location_references_are_generic_and_immutable
tests/test_immutable_graph.py::test_claim_and_state_factories
tests/test_immutable_graph.py::test_claim_uuid_uniqueness_is_global_in_graph
tests/test_immutable_graph.py::test_graph_registers_one_fact_per_target_instance
tests/test_immutable_graph.py::test_source_uuid_references_are_registered_instances
tests/test_immutable_graph.py::test_provenance_discovers_claims_and_sources_in_dependency_order
tests/test_immutable_graph.py::test_claim_dependency_cycles_are_rejected
tests/test_immutable_graph.py::test_fact_states_and_reconciliation
tests/test_immutable_graph.py::test_measurement_claims_compare_compatible_units
tests/test_immutable_graph.py::test_measurement_and_entity_state_facts
tests/test_immutable_graph.py::test_update_normalizes_and_validates_fields
tests/test_immutable_graph.py::test_update_rejects_duplicate_and_conflicting_operations
tests/test_immutable_graph.py::test_apply_rejects_invalid_graph_operations
tests/test_immutable_graph.py::test_apply_is_atomic_and_requires_fact_replacement
tests/test_immutable_graph.py::test_entity_removal_rejects_dependencies_then_cascades
tests/test_immutable_graph.py::test_cascade_rejects_new_relationships_to_removed_entities
tests/test_immutable_graph.py::test_view_traversal_and_pure_aggregation
tests/test_immutable_graph.py::test_feature_aggregation_collects_raw_subtree_values
tests/test_immutable_graph.py::test_distinct_uses_normal_python_equality
tests/test_immutable_graph.py::test_feature_mode_rejects_ties_and_missing_subtrees_are_none
tests/test_immutable_graph.py::test_view_infers_subgraph_and_aggregates_measurements
tests/test_immutable_graph.py::test_view_filters_membership_and_relationship_endpoints
tests/test_immutable_graph.py::test_assembly_view_is_exact_then_filters_normally
tests/test_immutable_graph.py::test_measurement_aggregation_rules[AggregationRule.SUM-30]
tests/test_immutable_graph.py::test_measurement_aggregation_rules[AggregationRule.MEAN-15]
tests/test_immutable_graph.py::test_measurement_aggregation_rules[AggregationRule.MEDIAN-15]
tests/test_immutable_graph.py::test_measurement_aggregation_rules[AggregationRule.MINIMUM-10]
tests/test_immutable_graph.py::test_measurement_aggregation_rules[AggregationRule.MAXIMUM-20]
tests/test_immutable_graph.py::test_measurement_aggregation_normalizes_canonical_units
tests/test_immutable_graph.py::test_measurement_without_aggregation_rule_is_rejected
tests/test_immutable_graph.py::test_feature_aggregation_supports_rich_values_without_mutating_them
tests/test_immutable_graph.py::test_aggregation_rejects_empty_and_non_arborescent_views
tests/test_immutable_graph.py::test_revision_diff_infers_deletions_and_provenance_changes
tests/test_immutable_graph.py::test_revision_requires_aware_timestamp_and_non_empty_metadata
tests/test_immutable_graph.py::test_revision_diff_requires_parent_and_reports_no_changes
tests/test_immutable_graph.py::test_diff_reports_changed_claims_and_reconciliation
tests/test_immutable_graph.py::test_definition_replacement_is_validated_and_diffed
tests/test_immutable_graph.py::test_batch_addition_is_one_atomic_change
tests/test_immutable_graph.py::test_tabular_and_icicle_projection_use_uuid_graph
tests/test_immutable_graph.py::test_selected_measurement_coverage_excludes_inapplicable_children
tests/test_immutable_graph.py::test_recursive_membership_preserves_direct_scope_and_shared_identity
tests/test_immutable_graph.py::test_contributor_selection_does_not_bypass_tree_requirement
tests/test_ingestion_evidence.py::test_public_surface
tests/test_ingestion_evidence.py::test_optional_row_ids_and_normalization
tests/test_ingestion_evidence.py::test_invalid_row_ids_and_duplicate_identified_rows
tests/test_ingestion_evidence.py::test_reorder_and_filter_bundle_identity_with_values
tests/test_ingestion_evidence.py::test_graph_projection_identity_and_arborescence_order
tests/test_ingestion_evidence.py::test_exports_do_not_invent_metadata_columns
tests/test_ingestion_evidence.py::test_supported_values[0]
tests/test_ingestion_evidence.py::test_supported_values[False]
tests/test_ingestion_evidence.py::test_supported_values[103]
tests/test_ingestion_evidence.py::test_supported_values[1.25]
tests/test_ingestion_evidence.py::test_supported_values[04.01]
tests/test_ingestion_evidence.py::test_supported_values[value5]
tests/test_ingestion_evidence.py::test_supported_values[value6]
tests/test_ingestion_evidence.py::test_supported_values[value7]
tests/test_ingestion_evidence.py::test_supported_values[value8]
tests/test_ingestion_evidence.py::test_supported_values[value9]
tests/test_ingestion_evidence.py::test_supported_values[value10]
tests/test_ingestion_evidence.py::test_supported_values[value11]
tests/test_ingestion_evidence.py::test_mutable_and_unsupported_payloads_rejected[value0]
tests/test_ingestion_evidence.py::test_mutable_and_unsupported_payloads_rejected[value1]
tests/test_ingestion_evidence.py::test_mutable_and_unsupported_payloads_rejected[value2]
tests/test_ingestion_evidence.py::test_mutable_and_unsupported_payloads_rejected[nan]
tests/test_ingestion_evidence.py::test_mutable_and_unsupported_payloads_rejected[inf]
tests/test_ingestion_evidence.py::test_mutable_and_unsupported_payloads_rejected[value5]
tests/test_ingestion_evidence.py::test_live_pint_rejected_without_changing_ordinary_table
tests/test_ingestion_evidence.py::test_area_preserves_raw_and_unit_rule_evidence
tests/test_ingestion_evidence.py::test_missing_formula_result_and_policy_separation
tests/test_ingestion_evidence.py::test_conflict_and_explicit_resolution_keep_history
tests/test_ingestion_evidence.py::test_reorder_filter_and_derived_column_keep_addresses
tests/test_ingestion_evidence.py::test_missing_and_empty_total_fixtures_have_no_complete_zero
tests/test_ingestion_evidence.py::test_empty_identified_evidence_and_no_unidentified_evidence
tests/test_ingestion_evidence.py::test_claim_coverage_and_typed_value_agreement
tests/test_ingestion_evidence.py::test_issue_scopes_lookup_and_frozen_collections
tests/test_ingestion_evidence.py::test_issue_identity_excludes_prose_severity_details
tests/test_ingestion_evidence.py::test_upstream_identity_conflicts_and_cycles
tests/test_ingestion_evidence.py::test_fingerprint_determinism_and_changed_rule_source_value
tests/test_ingestion_evidence.py::test_mapping_insertion_order_not_content_order
tests/test_ingestion_evidence.py::test_native_source_property_to_table
tests/test_ingestion_evidence.py::test_unsupported_content_including_table_subclasses[data0]
tests/test_ingestion_evidence.py::test_unsupported_content_including_table_subclasses[data1]
tests/test_ingestion_evidence.py::test_table_row_lookup_and_reordered_filtered_tables
tests/test_ingestion_evidence.py::test_fingerprint_and_issue_identity_match_before_refactor
tests/test_ingestion_evidence.py::test_public_imports_and_constructor_validation_in_fresh_process[evidence]
tests/test_ingestion_evidence.py::test_public_imports_and_constructor_validation_in_fresh_process[validation]
tests/test_ingestion_evidence.py::test_public_imports_and_constructor_validation_in_fresh_process[fingerprint]
tests/test_ingestion_evidence.py::test_public_imports_and_constructor_validation_in_fresh_process[tabular]
tests/test_legacy_table.py::test_view_table_includes_taxonomy_code
tests/test_legacy_table.py::test_view_table_default_schema_uses_qualified_domain_fields
tests/test_legacy_table.py::test_view_table_projects_qualified_labels_features_and_missing_values
tests/test_legacy_table.py::test_view_table_converts_measure_units_and_rejects_incompatible_units
tests/test_legacy_table.py::test_arborescence_table_preserves_relationship_insertion_order
tests/test_legacy_table.py::test_arborescence_table_rejects_invalid_views_and_missing_entity_id
tests/test_measures.py::TestMeasures::test_currency
tests/test_measures.py::TestMeasures::test_identity_is_uuid_based
tests/test_measures.py::TestMeasures::test_measure_is_immutable
tests/test_measures.py::TestMeasures::test_duplicate_measure_codes_are_rejected_by_definitions
tests/test_measures.py::TestMeasures::test_quantity_validation
tests/test_measures.py::TestMeasures::test_custom_derivative
tests/test_measures.py::TestMeasures::test_eval_units
tests/test_migration_foundations.py::test_graph_upgrade_preserves_identity_properties_and_provenance
tests/test_migration_foundations.py::test_graph_upgrade_never_publishes_partial_output[<lambda>0]
tests/test_migration_foundations.py::test_graph_upgrade_never_publishes_partial_output[<lambda>1]
tests/test_migration_foundations.py::test_graph_upgrade_never_publishes_partial_output[<lambda>2]
tests/test_migration_foundations.py::test_graph_upgrade_never_publishes_partial_output[<lambda>3]
tests/test_migration_foundations.py::test_model_upgrade_requires_explicit_new_revision
tests/test_migration_foundations.py::test_repository_workflow_examples_retain_property_evidence[accommodation]
tests/test_migration_foundations.py::test_repository_workflow_examples_retain_property_evidence[equipment]
tests/test_migration_foundations.py::test_converter_cli_retains_report_and_refuses_overwrite
tests/test_migration_foundations.py::test_quantity_feature_is_reported_not_silently_changed_to_a_mapping
tests/test_model_consumers.py::test_value_projection_selects_local_keys_and_retains_zero
tests/test_model_consumers.py::test_projection_units_and_measure_assertions_are_checked
tests/test_model_consumers.py::test_tree_projection_uses_selected_membership_and_revision
tests/test_model_consumers.py::test_shared_membership_does_not_duplicate_canonical_viewer_objects
tests/test_model_consumers.py::test_workflows_reject_unsupported_legacy_content_before_reading[feature]
tests/test_model_consumers.py::test_workflows_reject_unsupported_legacy_content_before_reading[missing_feature]
tests/test_model_consumers.py::test_workflows_reject_unsupported_legacy_content_before_reading[quantity_kind]
tests/test_model_consumers.py::test_workflows_reject_unsupported_legacy_content_before_reading[aggregation]
tests/test_model_consumers.py::test_version_one_workflow_requires_explicit_migration
tests/test_model_consumers.py::test_workflow_multiple_values_per_measure_and_snapshot_storage
tests/test_model_consumers.py::test_new_consumer_imports_do_not_load_legacy_domain_or_solver
tests/test_model_consumers.py::test_workflow_to_real_scalar_executor
tests/test_model_consumers.py::test_source_dates_and_locations_survive_canonical_provenance
tests/test_model_consumers.py::test_direct_composition_rejects_features
tests/test_model_graph.py::test_model_selection_modes_and_stable_order
tests/test_model_graph.py::test_lookup_scope_and_strict_uuid_errors[entity]
tests/test_model_graph.py::test_lookup_scope_and_strict_uuid_errors[relationship]
tests/test_model_graph.py::test_explicit_endpoint_and_assembly_validation
tests/test_model_graph.py::test_empty_wrong_type_selectors_are_not_empty_selections[0-entities]
tests/test_model_graph.py::test_empty_wrong_type_selectors_are_not_empty_selections[0-relationships]
tests/test_model_graph.py::test_empty_wrong_type_selectors_are_not_empty_selections[1-entities]
tests/test_model_graph.py::test_empty_wrong_type_selectors_are_not_empty_selections[1-relationships]
tests/test_model_graph.py::test_empty_wrong_type_selectors_are_not_empty_selections[False-entities]
tests/test_model_graph.py::test_empty_wrong_type_selectors_are_not_empty_selections[False-relationships]
tests/test_model_graph.py::test_filter_keeps_selection_and_removes_incident_edges
tests/test_model_graph.py::test_membership_and_relationship_direction_are_distinct
tests/test_model_graph.py::test_nested_membership_deduplicates_but_hierarchy_rejects_shared_child
tests/test_model_graph.py::test_hierarchy_rejects_ambiguous_topology[empty-empty]
tests/test_model_graph.py::test_hierarchy_rejects_ambiguous_topology[disconnected-disconnected]
tests/test_model_graph.py::test_hierarchy_rejects_ambiguous_topology[cycle-cycle]
tests/test_model_graph.py::test_hierarchy_rejects_ambiguous_topology[parallel-parallel_edges]
tests/test_model_graph.py::test_hierarchy_rejects_ambiguous_topology[multiple-multiple_parents]
tests/test_model_graph.py::test_singleton_is_tree_and_hierarchy_is_immutable
tests/test_model_graph.py::test_reduction_selects_value_key_not_measure_and_preserves_model
tests/test_model_graph.py::test_missing_values_and_known_subtotal_do_not_become_zero
tests/test_model_graph.py::test_mean_reduces_raw_contributors_not_subtree_means
tests/test_model_graph.py::test_unit_conversion_and_incompatible_results
tests/test_model_graph.py::test_revision_pinning_and_stale_selector_rejection
tests/test_model_graph.py::test_selector_cannot_escape_owner_or_measure[other_owner]
tests/test_model_graph.py::test_selector_cannot_escape_owner_or_measure[formulation]
tests/test_model_graph.py::test_selector_cannot_escape_owner_or_measure[wrong_measure]
tests/test_model_graph.py::test_invalid_callback_results_are_not_silently_used[selector]
tests/test_model_graph.py::test_invalid_callback_results_are_not_silently_used[reducer]
tests/test_model_graph.py::test_invalid_callback_results_are_not_silently_used[contributors]
tests/test_model_graph.py::test_reducers_reject_empty_mixed_and_overflow_quantities
tests/test_model_graph.py::test_imports_are_lightweight
tests/test_model_graph.py::test_exact_classification_filters_do_not_expand_descendants
tests/test_model_graph.py::test_membership_root_must_be_an_explicit_selected_uuid
tests/test_model_graph.py::test_aggregation_requires_a_deliberate_parent_contributor_policy
tests/test_model_graph.py::test_custom_reducer_normalizes_returned_units_and_errors_remain_visible
tests/test_model_graph.py::test_selector_validates_measure_even_when_local_key_is_absent
tests/test_models.py::test_linear_known_data_regression
tests/test_models.py::test_deterministic_horizon_comparison[100-0-1000]
tests/test_models.py::test_deterministic_horizon_comparison[110-3-1294.08]
tests/test_models.py::test_deterministic_horizon_comparison[90--3-705.92]
tests/test_models.py::test_probabilistic_and_flexible_use_identical_captured_paths
tests/test_modules.py::TestDistribution::test_uniform_distribution_has_density_of_1
tests/test_modules.py::TestDistribution::test_exponential_distribution_total_and_initial_match
tests/test_modules.py::TestDistribution::test_PERT_distribution_sums_to_1
tests/test_modules.py::TestDuration::test_offset
tests/test_modules.py::TestPeriod::test_period_index_validity
tests/test_modules.py::TestUnits::test_series_units
tests/test_modules.py::TestUnits::test_remove_dim
tests/test_modules.py::TestUnits::test_multiply_units
tests/test_modules.py::TestFlow::test_flow_validity
tests/test_modules.py::TestFlow::test_flow_duplication
tests/test_modules.py::TestFlow::test_flow_summation
tests/test_modules.py::TestFlow::test_flow_inversion
tests/test_modules.py::TestFlow::test_resampling
tests/test_modules.py::TestFlow::test_resample_origin_only_for_tick_offsets[Type.DAY-epoch]
tests/test_modules.py::TestFlow::test_resample_origin_only_for_tick_offsets[Type.MONTH-None]
tests/test_modules.py::TestFlow::test_resample_origin_only_for_tick_offsets[Type.QUARTER-None]
tests/test_modules.py::TestFlow::test_resample_origin_only_for_tick_offsets[Type.YEAR-None]
tests/test_modules.py::TestFlow::test_conversion_to_period_index
tests/test_modules.py::TestFlow::test_distribution_as_input
tests/test_modules.py::TestFlow::test_total
tests/test_modules.py::TestStream::test_stream_validity
tests/test_modules.py::TestStream::test_stream_aggregation
tests/test_modules.py::TestStream::test_stream_duplication
tests/test_modules.py::TestStream::test_stream_stream
tests/test_modules.py::TestSpan::test_correct_span
tests/test_modules.py::TestSpan::test_correct_spans
tests/test_modules.py::TestSegmentation::test_interval
tests/test_modules.py::TestSegmentation::test_division
tests/test_modules.py::TestType::test_heritage
tests/test_projections.py::TestProjection::test_rangeindex
tests/test_projections.py::TestProjection::test_form
tests/test_projections.py::TestProjection::test_extrapolation
tests/test_projections.py::TestProjection::test_distribution
tests/test_records.py::test_fixture_roundtrip_and_typed_nested_access[model-forward-output]
tests/test_records.py::test_fixture_roundtrip_and_typed_nested_access[model-inverse-output]
tests/test_records.py::test_fixture_roundtrip_and_typed_nested_access[model]
tests/test_records.py::test_fixture_roundtrip_and_typed_nested_access[run-batch]
tests/test_records.py::test_fixture_roundtrip_and_typed_nested_access[run-failed]
tests/test_records.py::test_fixture_roundtrip_and_typed_nested_access[run-forward]
tests/test_records.py::test_fixture_roundtrip_and_typed_nested_access[run-inverse]
tests/test_records.py::test_fixture_roundtrip_and_typed_nested_access[run-skipped]
tests/test_records.py::test_fixture_roundtrip_and_typed_nested_access[specification-batch]
tests/test_records.py::test_fixture_roundtrip_and_typed_nested_access[specification-common]
tests/test_records.py::test_fixture_roundtrip_and_typed_nested_access[specification-composed-forward]
tests/test_records.py::test_fixture_roundtrip_and_typed_nested_access[specification-composed-inverse]
tests/test_records.py::test_fixture_roundtrip_and_typed_nested_access[specification-forward]
tests/test_records.py::test_fixture_roundtrip_and_typed_nested_access[specification-inverse]
tests/test_records.py::test_fixture_roundtrip_and_typed_nested_access[specification-objectives]
tests/test_records.py::test_fixture_roundtrip_and_typed_nested_access[specification-optimization]
tests/test_records.py::test_constructor_and_field_types_are_explicit
tests/test_records.py::test_presence_zero_false_and_null
tests/test_records.py::test_invalid_numeric_inputs[True]
tests/test_records.py::test_invalid_numeric_inputs[1]
tests/test_records.py::test_invalid_numeric_inputs[nan]
tests/test_records.py::test_invalid_numeric_inputs[inf]
tests/test_records.py::test_invalid_numeric_inputs[-inf]
tests/test_records.py::test_recursive_immutability_and_detached_opaque_content
tests/test_records.py::test_uuid_scope_and_union
tests/test_records.py::test_expression_shape_and_order
tests/test_records.py::test_keyed_inline_dictionary_preserves_wire_forms[address0]
tests/test_records.py::test_keyed_inline_dictionary_preserves_wire_forms[address1]
tests/test_records.py::test_keyed_inline_dictionary_preserves_wire_forms[address2]
tests/test_records.py::test_keyed_inline_dictionary_preserves_wire_forms[address3]
tests/test_records.py::test_keyed_inline_dictionary_preserves_wire_forms[None]
tests/test_records.py::test_opaque_json_rejects_non_json[value0]
tests/test_records.py::test_opaque_json_rejects_non_json[value1]
tests/test_records.py::test_opaque_json_rejects_non_json[value2]
tests/test_records.py::test_opaque_json_rejects_non_json[value3]
tests/test_records.py::test_cycles_duplicate_keys_and_structure_diagnostics
tests/test_records.py::test_model_semantics_are_separate_from_record_shape
tests/test_records.py::test_shared_specification_and_run_validation
tests/test_records.py::test_lightweight_imports
tests/test_records.py::test_record_equality_distinguishes_json_booleans_and_numbers
tests/test_records.py::test_timestamp_formats_are_enforced
tests/test_scenarios_policies.py::test_parallel_streams_and_replay
tests/test_scenarios_policies.py::test_fixed_market_oracle_and_shock_applied_once
tests/test_scenarios_policies.py::test_resale_dates_strict_threshold_and_holding[factors0-1-3]
tests/test_scenarios_policies.py::test_resale_dates_strict_threshold_and_holding[factors1-2-2]
tests/test_scenarios_policies.py::test_resale_dates_strict_threshold_and_holding[factors2-1-2]
tests/test_scenarios_policies.py::test_resale_dates_strict_threshold_and_holding[factors3-1-3]
tests/test_scenarios_policies.py::test_resale_dates_strict_threshold_and_holding[factors4-1-3]
tests/test_scenarios_policies.py::test_future_changes_cannot_change_earlier_decision_and_missing_is_not_zero
tests/test_scenarios_policies.py::test_independent_realizations_capture_distribution_draws
tests/test_scenarios_policies.py::test_supplied_innovations_realize_without_randomness
tests/test_scenarios_policies.py::test_policy_run_rejects_forged_information_timing_and_actions
tests/test_scenarios_policies.py::test_control_roles_conflict_across_contributors_and_endogenous_observation_fails
tests/test_schema_graph_contract.py::test_shared_example_identity_membership_and_provenance
tests/test_schema_graph_contract.py::test_semantic_rejections[dangling_endpoint]
tests/test_schema_graph_contract.py::test_semantic_rejections[wrong_kind_endpoint]
tests/test_schema_graph_contract.py::test_semantic_rejections[self_membership]
tests/test_schema_graph_contract.py::test_semantic_rejections[cycle]
tests/test_schema_graph_contract.py::test_semantic_rejections[missing_member]
tests/test_schema_graph_contract.py::test_semantic_rejections[missing_member_endpoint]
tests/test_schema_graph_contract.py::test_semantic_rejections[duplicate_member]
tests/test_schema_graph_contract.py::test_semantic_rejections[duplicate_id]
tests/test_schema_graph_contract.py::test_semantic_rejections[blank_key]
tests/test_schema_graph_contract.py::test_semantic_rejections[duplicate_local_key]
tests/test_schema_graph_contract.py::test_semantic_rejections[wrong_target]
tests/test_schema_graph_contract.py::test_semantic_rejections[dangling_target]
tests/test_schema_graph_contract.py::test_semantic_rejections[duplicate_fact]
tests/test_schema_graph_contract.py::test_semantic_rejections[mismatched_claim]
tests/test_schema_graph_contract.py::test_semantic_rejections[claim_cycle]
tests/test_schema_graph_contract.py::test_semantic_rejections[wrong_source_kind]
tests/test_schema_graph_contract.py::test_semantic_rejections[missing_method]
tests/test_schema_graph_contract.py::test_semantic_rejections[duplicate_label_class]
tests/test_schema_graph_contract.py::test_semantic_rejections[nonfinite_amount]
tests/test_schema_graph_contract.py::test_semantic_rejections[wrong_reconciliation]
tests/test_schema_graph_contract.py::test_semantic_rejections[empty_source]
tests/test_schema_graph_contract.py::test_semantic_rejections[duplicate_entity_code]
tests/test_schema_graph_contract.py::test_semantic_rejections[duplicate_measure_code]
tests/test_schema_graph_contract.py::test_semantic_rejections[blank_taxonomy_code]
tests/test_schema_graph_contract.py::test_semantic_rejections[unknown_classification]
tests/test_schema_graph_contract.py::test_semantic_rejections[unknown_measure]
tests/test_schema_graph_contract.py::test_semantic_rejections[wrong_kind_classification]
tests/test_schema_graph_contract.py::test_semantic_rejections[wrong_kind_measure]
tests/test_schema_graph_contract.py::test_semantic_rejections[parent_cycle]
tests/test_schema_graph_contract.py::test_semantic_rejections[missing_parent]
tests/test_schema_graph_contract.py::test_semantic_rejections[duplicate_definition_id]
tests/test_schema_graph_contract.py::test_semantic_rejections[duplicate_classification_code]
tests/test_schema_graph_contract.py::test_duplicate_record_fields_rejected_before_overwrite
tests/test_schema_graph_contract.py::test_serialized_references_require_uuids[entity-apartment]
tests/test_schema_graph_contract.py::test_serialized_references_require_uuids[entity-example.apartment]
tests/test_schema_graph_contract.py::test_serialized_references_require_uuids[entity-reference2]
tests/test_schema_graph_contract.py::test_serialized_references_require_uuids[label-apartment]
tests/test_schema_graph_contract.py::test_serialized_references_require_uuids[label-example.apartment]
tests/test_schema_graph_contract.py::test_serialized_references_require_uuids[label-reference2]
tests/test_schema_graph_contract.py::test_serialized_references_require_uuids[measure-apartment]
tests/test_schema_graph_contract.py::test_serialized_references_require_uuids[measure-example.apartment]
tests/test_schema_graph_contract.py::test_serialized_references_require_uuids[measure-reference2]
tests/test_schema_graph_contract.py::test_serialized_references_require_uuids[parent-apartment]
tests/test_schema_graph_contract.py::test_serialized_references_require_uuids[parent-example.apartment]
tests/test_schema_graph_contract.py::test_serialized_references_require_uuids[parent-reference2]
tests/test_schema_graph_contract.py::test_serialized_references_require_uuids[claim-apartment]
tests/test_schema_graph_contract.py::test_serialized_references_require_uuids[claim-example.apartment]
tests/test_schema_graph_contract.py::test_serialized_references_require_uuids[claim-reference2]
tests/test_schema_graph_contract.py::test_definition_renames_preserve_uuid_references_and_provenance
tests/test_schema_graph_contract.py::test_parent_references_do_not_depend_on_list_order
tests/test_schema_graph_contract.py::test_claim_measure_identity_cannot_be_replaced_by_matching_units
tests/test_schema_graph_contract.py::test_quantity_units_can_differ_from_measure_canonical_units
tests/test_schema_graph_contract.py::test_quantity_incompatible_units_rejected[value]
tests/test_schema_graph_contract.py::test_quantity_incompatible_units_rejected[claim]
tests/test_schema_graph_contract.py::test_quantity_unresolved_and_zero_remain_distinct[None]
tests/test_schema_graph_contract.py::test_quantity_unresolved_and_zero_remain_distinct[content1]
tests/test_schema_graph_contract.py::test_parent_must_belong_to_the_same_taxonomy
tests/test_scoped_codes.py::test_codes_reject_blank_or_surrounding_whitespace[entity- A]
tests/test_scoped_codes.py::test_codes_reject_blank_or_surrounding_whitespace[entity-A ]
tests/test_scoped_codes.py::test_codes_reject_blank_or_surrounding_whitespace[entity-A\n]
tests/test_scoped_codes.py::test_codes_reject_blank_or_surrounding_whitespace[entity-\tA]
tests/test_scoped_codes.py::test_codes_reject_blank_or_surrounding_whitespace[entity-]
tests/test_scoped_codes.py::test_codes_reject_blank_or_surrounding_whitespace[entity- ]
tests/test_scoped_codes.py::test_codes_reject_blank_or_surrounding_whitespace[assembly- A]
tests/test_scoped_codes.py::test_codes_reject_blank_or_surrounding_whitespace[assembly-A ]
tests/test_scoped_codes.py::test_codes_reject_blank_or_surrounding_whitespace[assembly-A\n]
tests/test_scoped_codes.py::test_codes_reject_blank_or_surrounding_whitespace[assembly-\tA]
tests/test_scoped_codes.py::test_codes_reject_blank_or_surrounding_whitespace[assembly-]
tests/test_scoped_codes.py::test_codes_reject_blank_or_surrounding_whitespace[assembly- ]
tests/test_scoped_codes.py::test_codes_reject_blank_or_surrounding_whitespace[classification- A]
tests/test_scoped_codes.py::test_codes_reject_blank_or_surrounding_whitespace[classification-A ]
tests/test_scoped_codes.py::test_codes_reject_blank_or_surrounding_whitespace[classification-A\n]
tests/test_scoped_codes.py::test_codes_reject_blank_or_surrounding_whitespace[classification-\tA]
tests/test_scoped_codes.py::test_codes_reject_blank_or_surrounding_whitespace[classification-]
tests/test_scoped_codes.py::test_codes_reject_blank_or_surrounding_whitespace[classification- ]
tests/test_scoped_codes.py::test_codes_reject_blank_or_surrounding_whitespace[taxonomy- A]
tests/test_scoped_codes.py::test_codes_reject_blank_or_surrounding_whitespace[taxonomy-A ]
tests/test_scoped_codes.py::test_codes_reject_blank_or_surrounding_whitespace[taxonomy-A\n]
tests/test_scoped_codes.py::test_codes_reject_blank_or_surrounding_whitespace[taxonomy-\tA]
tests/test_scoped_codes.py::test_codes_reject_blank_or_surrounding_whitespace[taxonomy-]
tests/test_scoped_codes.py::test_codes_reject_blank_or_surrounding_whitespace[taxonomy- ]
tests/test_scoped_codes.py::test_codes_reject_blank_or_surrounding_whitespace[measure- A]
tests/test_scoped_codes.py::test_codes_reject_blank_or_surrounding_whitespace[measure-A ]
tests/test_scoped_codes.py::test_codes_reject_blank_or_surrounding_whitespace[measure-A\n]
tests/test_scoped_codes.py::test_codes_reject_blank_or_surrounding_whitespace[measure-\tA]
tests/test_scoped_codes.py::test_codes_reject_blank_or_surrounding_whitespace[measure-]
tests/test_scoped_codes.py::test_codes_reject_blank_or_surrounding_whitespace[measure- ]
tests/test_scoped_codes.py::test_entity_scope_includes_assemblies_and_allows_missing_codes
tests/test_scoped_codes.py::test_uuid_resolution_ignores_duplicate_codes_across_taxonomies
tests/test_scoped_codes.py::test_taxonomy_and_classification_codes_allow_literal_dots
tests/test_scoped_codes.py::test_measure_and_entity_codes_still_allow_literal_dots
tests/test_scoped_codes.py::test_uuid_shaped_code_does_not_override_identifier_resolution
tests/test_scoped_codes.py::test_definition_scopes_collisions_and_key_mismatches
tests/test_scoped_codes.py::test_code_rename_preserves_uuid_reference_and_changes_only_code_lookup
tests/test_tabular_operations.py::test_spec_strict_and_immutable
tests/test_tabular_operations.py::test_numbers_meanings_lineage_and_replay
tests/test_tabular_operations.py::test_spec_and_order_affect_identity
tests/test_tabular_operations.py::test_numeric_incompatibilities_and_empty
tests/test_tabular_operations.py::test_select_order_partial_scopes_and_empty
tests/test_tabular_operations.py::test_concat_scopes_order_empty_and_diagnostics
tests/test_tabular_operations.py::test_concat_conflicting_claim_identity_is_diagnostic
tests/test_tabular_operations.py::test_global_missing_issue_propagates_without_duplicates
tests/test_tabular_operations.py::test_settings_lineage_and_policy_change_affect_claim_ids
tests/test_tabular_operations.py::test_propagation_deduplicates_identical_projected_issues
tests/test_tabular_operations.py::test_warnings_do_not_decide_numeric_availability
tests/test_tabular_operations.py::test_concat_preserves_input_order_and_replay
tests/test_tabular_operations.py::test_selection_preserves_global_and_row_issues
tests/test_temporal_execution.py::test_forward_then_inverse_temporal_oracle
tests/test_temporal_execution.py::test_explicit_flow_roles_preserve_missing_null_zero_and_unrelated_entries
tests/test_temporal_execution.py::test_stable_references_builder_ids_and_coordinate_mismatch
tests/test_temporal_execution.py::test_movement_roles_conflicts_units_and_recorded_values_not_assignments
tests/test_temporal_execution.py::test_movement_candidate_rejection_and_expansion_limits
tests/test_temporal_execution.py::test_preparation_deadline_and_constraint_limit_prevent_backend_call
tests/test_temporal_execution.py::test_explicit_draft_upgrade_preserves_order_and_requires_new_pins
tests/test_temporal_execution.py::test_finite_balance_interest_scaling_sum_and_explicit_reversion_mapping
tests/test_unresolved_measurements.py::test_unresolved_and_resolved_snapshots_preserve_identity_and_provenance
tests/test_unresolved_measurements.py::test_zero_is_resolved_and_validation_still_applies
tests/test_unresolved_measurements.py::test_unresolved_reduction_reports_missing_not_zero
tests/test_unresolved_measurements.py::test_workflow_operands_preserve_unresolved_and_zero
tests/test_validate.py::test_is_text_accepts_strings_and_optionally_rejects_empty_text
tests/test_validate.py::test_is_text_rejects_non_strings_without_restricting_characters
tests/test_validate.py::test_require_uuid_returns_uuids_and_reports_the_field
tests/test_validate.py::test_require_text_rejects_non_strings_and_empty_text
tests/test_validate.py::test_optional_text_supports_none_and_an_explicit_empty_policy
tests/test_validation_composition.py::test_argument_guards_are_distinct_from_semantic_rules
tests/test_validation_composition.py::test_uniqueness_is_owner_local_case_sensitive_and_non_mutating
tests/test_validation_composition.py::test_uniqueness_diagnostic_retains_collection_and_escaped_field
tests/test_validation_composition.py::test_acyclic_accepts_shared_and_external_targets_without_mutation
tests/test_validation_composition.py::test_cycles_have_rule_context[edges0]
tests/test_validation_composition.py::test_cycles_have_rule_context[edges1]
tests/test_validation_composition.py::test_ownership_rejects_repeated_declarations_and_containment_cycles
tests/test_validation_composition.py::test_report_keeps_semantic_context_and_revision_identity
tests/test_validation_composition.py::test_failed_prerequisites_skip_dependent_checks
tests/test_validation_composition.py::test_programming_errors_are_not_reported_as_bad_document_data
tests/test_validation_composition.py::test_scope_tables_are_read_only_and_checks_do_not_change_the_input
tests/test_validation_composition.py::test_constraint_names_and_predicates_are_separate_rules
tests/test_validation_composition.py::test_local_naming_rule_reports_nested_owner_without_resolving_references[bindings-name]
tests/test_validation_composition.py::test_local_naming_rule_reports_nested_owner_without_resolving_references[values-key]
tests/test_validation_composition.py::test_local_naming_rule_reports_nested_owner_without_resolving_references[constraints-code]
tests/test_validation_composition.py::test_predicate_reports_reference_and_domain_failures[missing-expressions0-reference.predicate]
tests/test_validation_composition.py::test_predicate_reports_reference_and_domain_failures[number-expressions1-semantic.predicate]
tests/test_validation_composition.py::test_constraint_identity_cannot_collide_with_a_value_declaration
tests/test_validation_composition.py::test_expression_identity_cannot_collide_with_a_constraint
tests/test_validation_composition.py::test_signature_validation_is_independently_composable
tests/test_validation_composition.py::test_model_and_partial_specification_share_local_naming_diagnostics
tests/test_validation_composition.py::test_combined_entity_assembly_namespace_reports_canonical_storage_path
tests/test_validation_composition.py::test_flattened_constraint_diagnostic_returns_to_its_owning_formulation
tests/test_validation_composition.py::test_model_ownership_diagnostic_uses_canonical_document_shape
tests/test_workflow.py::test_synthetic_vertical_slice[accommodation]
tests/test_workflow.py::test_synthetic_vertical_slice[equipment]
tests/test_workflow.py::test_malformed_specs_fail_before_run[<lambda>0]
tests/test_workflow.py::test_malformed_specs_fail_before_run[<lambda>1]
tests/test_workflow.py::test_malformed_specs_fail_before_run[<lambda>2]
tests/test_workflow.py::test_malformed_specs_fail_before_run[<lambda>3]
tests/test_workflow.py::test_malformed_specs_fail_before_run[<lambda>4]
tests/test_workflow.py::test_malformed_specs_fail_before_run[<lambda>5]
tests/test_workflow.py::test_unsafe_yaml_rejected[version: 1\nversion: 1\n]
tests/test_workflow.py::test_unsafe_yaml_rejected[!!python/object/apply:os.system [echo bad]]
tests/test_workflow.py::test_unsafe_yaml_rejected[version: 1\nx: &a [*a]]
tests/test_workflow.py::test_unavailable_input_and_duplicate_keys
tests/test_workflow.py::test_equal_counts_do_not_hide_wrong_members
tests/test_workflow.py::test_membership_checks_use_final_assemblies
tests/test_workflow.py::test_valid_requests_with_incompatible_sources_return_unavailable[duplicate-duplicate_business_key]
tests/test_workflow.py::test_valid_requests_with_incompatible_sources_return_unavailable[unmatched-unmatched_relationship]
tests/test_workflow.py::test_valid_requests_with_incompatible_sources_return_unavailable[collision-output_collision]
tests/test_workflow.py::test_valid_requests_with_incompatible_sources_return_unavailable[missing_column-missing_column]
tests/test_workflow.py::test_valid_requests_with_incompatible_sources_return_unavailable[cycle-membership_cycle]
tests/test_workflow.py::test_formula_without_cache_is_occupied_and_marker_must_be_unique
tests/test_workflow.py::test_shared_membership_does_not_double_count_atomic_total
tests/test_workflow.py::test_business_identity_independent_of_row_edition_and_value
tests/test_workflow_boundaries.py::test_settings_content_and_ancestors_affect_identity[numbers]
tests/test_workflow_boundaries.py::test_settings_content_and_ancestors_affect_identity[transform]
tests/test_workflow_boundaries.py::test_settings_content_and_ancestors_affect_identity[classify]
tests/test_workflow_boundaries.py::test_colliding_projected_explanations_are_never_discarded[numbers]
tests/test_workflow_boundaries.py::test_colliding_projected_explanations_are_never_discarded[transform]
tests/test_workflow_boundaries.py::test_source_check_required_fields_fail_at_validation[workbook_health]
tests/test_workflow_boundaries.py::test_source_check_required_fields_fail_at_validation[identities]
tests/test_workflow_boundaries.py::test_source_check_required_fields_fail_at_validation[occupied_rows]
tests/test_workflow_boundaries.py::test_source_check_required_fields_fail_at_validation[numeric_issues]
tests/test_workflow_boundaries.py::test_source_check_required_fields_fail_at_validation[deferred]
tests/test_workflow_boundaries.py::test_operand_required_fields_fail_at_validation[value]
tests/test_workflow_boundaries.py::test_operand_required_fields_fail_at_validation[column]
tests/test_workflow_boundaries.py::test_operand_required_fields_fail_at_validation[evidence]
tests/test_workflow_boundaries.py::test_operand_required_fields_fail_at_validation[table_count]
tests/test_workflow_boundaries.py::test_operand_required_fields_fail_at_validation[table_keys]
tests/test_workflow_boundaries.py::test_operand_required_fields_fail_at_validation[table_total]
tests/test_workflow_boundaries.py::test_operand_required_fields_fail_at_validation[model_total]
tests/test_workflow_boundaries.py::test_operand_required_fields_fail_at_validation[model_value]
tests/test_workflow_boundaries.py::test_operand_required_fields_fail_at_validation[membership_keys]
tests/test_workflow_boundaries.py::test_step_required_fields_have_declaration_path[read]
tests/test_workflow_boundaries.py::test_step_required_fields_have_declaration_path[extract]
tests/test_workflow_boundaries.py::test_step_required_fields_have_declaration_path[classify_rows]
tests/test_workflow_boundaries.py::test_step_required_fields_have_declaration_path[numbers]
tests/test_workflow_boundaries.py::test_step_required_fields_have_declaration_path[transform]
tests/test_workflow_boundaries.py::test_step_required_fields_have_declaration_path[select]
tests/test_workflow_boundaries.py::test_step_required_fields_have_declaration_path[concat]
tests/test_workflow_boundaries.py::test_predicates_preserve_zero_and_claim_identity
tests/test_workflow_boundaries.py::test_uniqueness_uses_native_error_and_cache_rules[extra0]
tests/test_workflow_boundaries.py::test_uniqueness_uses_native_error_and_cache_rules[extra1]
tests/test_workflow_boundaries.py::test_uniqueness_covers_column_before_extraction_start
tests/test_workflow_boundaries.py::test_both_yaml_entrypoints_reject_unsafe_or_ambiguous_content[a: &a 1\nb: *a]
tests/test_workflow_boundaries.py::test_both_yaml_entrypoints_reject_unsafe_or_ambiguous_content[a: 1\na: 2]
tests/test_workflow_boundaries.py::test_both_yaml_entrypoints_reject_unsafe_or_ambiguous_content[a: !!python/name:os.system '']
tests/test_workflow_boundaries.py::test_semantic_identity_ignores_prose_but_tracks_executable_changes
tests/test_workflow_boundaries.py::test_excel_import_does_not_load_workflow_runner
tests/test_workflow_boundaries.py::test_direct_composition_and_checking_without_workflow_spec
tests/test_workflow_boundaries.py::test_generic_locations_preserve_shared_ancestors
tests/test_workflow_formats.py::test_operand_missingness_retains_both_sides
tests/test_workflow_formats.py::test_missing_check_columns_return_outcome[filter]
tests/test_workflow_formats.py::test_missing_check_columns_return_outcome[value]
tests/test_workflow_formats.py::test_missing_check_columns_return_outcome[support]
tests/test_workflow_formats.py::test_missing_check_columns_return_outcome[scope]
tests/test_workflow_formats.py::test_record_locations_are_not_lost
tests/test_workflow_formats.py::test_non_excel_capability_runs_without_runner_changes
tests/test_workflow_formats.py::test_foundations_do_not_load_workflow_or_adapters
tests/test_workflow_formats.py::test_adapter_registration_does_not_load_runner
tests/test_workflow_formats.py::test_native_code_fingerprints_are_declared
tests/test_workflow_formats.py::test_catalog_schema_and_parsing_agree
tests/test_workflow_formats.py::test_generic_numeric_source_check
tests/test_workflow_shared.py::test_named_sets_match_inline_and_remain_auditable
tests/test_workflow_shared.py::test_invalid_shared_declarations_fail_during_load[unknown_numbers]
tests/test_workflow_shared.py::test_invalid_shared_declarations_fail_during_load[both_numbers]
tests/test_workflow_shared.py::test_invalid_shared_declarations_fail_during_load[wrong_operation]
tests/test_workflow_shared.py::test_invalid_shared_declarations_fail_during_load[unused_bad_numbers]
tests/test_workflow_shared.py::test_invalid_shared_declarations_fail_during_load[unknown_measurements]
tests/test_workflow_shared.py::test_invalid_shared_declarations_fail_during_load[both_measurements]
tests/test_workflow_shared.py::test_invalid_shared_declarations_fail_during_load[unused_bad_measurements]
tests/test_workflow_shared.py::test_invalid_shared_declarations_fail_during_load[nested_reference]
tests/test_workflow_shared.py::test_invalid_shared_declarations_fail_during_load[duplicate_measure]
tests/test_workflow_shared.py::test_invalid_shared_declarations_fail_during_load[unknown_decision]
tests/test_workflow_shared.py::test_invalid_shared_declarations_fail_during_load[unknown_context]
tests/test_workflow_shared.py::test_invalid_shared_declarations_fail_during_load[orphan_context]
tests/test_workflow_shared.py::test_invalid_shared_declarations_fail_during_load[null_context]
tests/test_workflow_shared.py::test_invalid_shared_declarations_fail_during_load[no_row_context]
tests/test_workflow_shared.py::test_context_rebinding_is_explicit_and_does_not_mutate_definitions
tests/test_workflow_shared.py::test_named_context_uses_existing_single_row_contract[total-True]
tests/test_workflow_shared.py::test_named_context_uses_existing_single_row_contract[levels-False]
tests/test_workflow_shared.py::test_shared_policy_edit_updates_only_declared_consumers
tests/test_workflow_shared.py::test_shared_schema_and_duplicate_inline_measurements

=============================== warnings summary ===============================
rangekeeper/_legacy_duration.py:27
  /Volumes/Data/Projects/Rangekeeper/src/rangekeeper/_legacy_duration.py:27: FutureWarning: 'Y' is deprecated and will be removed in a future version, please use 'YE' instead.
    if value in ("10Y", "10Y-DEC"):

rangekeeper/_legacy_duration.py:27
  /Volumes/Data/Projects/Rangekeeper/src/rangekeeper/_legacy_duration.py:27: FutureWarning: 'Y-DEC' is deprecated and will be removed in a future version, please use 'YE-DEC' instead.
    if value in ("10Y", "10Y-DEC"):

rangekeeper/_legacy_duration.py:29
  /Volumes/Data/Projects/Rangekeeper/src/rangekeeper/_legacy_duration.py:29: FutureWarning: 'Y' is deprecated and will be removed in a future version, please use 'YE' instead.
    if value in ("5Y", "5Y-DEC"):

rangekeeper/_legacy_duration.py:29
  /Volumes/Data/Projects/Rangekeeper/src/rangekeeper/_legacy_duration.py:29: FutureWarning: 'Y-DEC' is deprecated and will be removed in a future version, please use 'YE-DEC' instead.
    if value in ("5Y", "5Y-DEC"):

rangekeeper/_legacy_duration.py:31
  /Volumes/Data/Projects/Rangekeeper/src/rangekeeper/_legacy_duration.py:31: FutureWarning: 'Y' is deprecated and will be removed in a future version, please use 'YE' instead.
    if value in ("2Y", "2Y-DEC"):

rangekeeper/_legacy_duration.py:31
  /Volumes/Data/Projects/Rangekeeper/src/rangekeeper/_legacy_duration.py:31: FutureWarning: 'Y-DEC' is deprecated and will be removed in a future version, please use 'YE-DEC' instead.
    if value in ("2Y", "2Y-DEC"):

rangekeeper/_legacy_duration.py:33
  /Volumes/Data/Projects/Rangekeeper/src/rangekeeper/_legacy_duration.py:33: FutureWarning: 'Y' is deprecated and will be removed in a future version, please use 'YE' instead.
    if value in ("Y", "YE", "YE-DEC", "Y-DEC", "A-DEC"):

-- Docs: https://docs.pytest.org/en/stable/how-to/capture-warnings.html
967 tests collected in 16.34s
