3.10.19 (main, Jan 14 2026, 23:38:29) [Clang 21.1.4 ]
{
  "Deprecated": "1.2.18",
  "Jinja2": "3.1.6",
  "MarkupSafe": "3.0.2",
  "Pint": "0.24.4",
  "PyYAML": "6.0.3",
  "Pygments": "2.19.2",
  "aenum": "3.1.16",
  "annotated-types": "0.7.0",
  "anyio": "4.11.0",
  "appdirs": "1.4.4",
  "asttokens": "3.0.0",
  "attrs": "25.3.0",
  "babel": "2.17.0",
  "backoff": "2.2.1",
  "black": "25.9.0",
  "certifi": "2025.8.3",
  "charset-normalizer": "3.4.3",
  "click": "8.3.0",
  "contourpy": "1.3.2",
  "cycler": "0.12.1",
  "decorator": "5.2.1",
  "dill": "0.4.0",
  "et_xmlfile": "2.0.0",
  "exceptiongroup": "1.3.0",
  "executing": "2.2.1",
  "flexcache": "0.3",
  "flexparser": "0.4",
  "fonttools": "4.60.0",
  "gql": "4.0.0",
  "graphql-core": "3.2.6",
  "h11": "0.16.0",
  "httpcore": "1.0.9",
  "httpx": "0.28.1",
  "idna": "3.10",
  "iniconfig": "2.1.0",
  "ipython": "8.37.0",
  "jedi": "0.19.2",
  "jsonpickle": "4.1.1",
  "jsonschema": "4.26.0",
  "jsonschema-specifications": "2025.9.1",
  "kiwisolver": "1.4.9",
  "llvmlite": "0.45.0",
  "matplotlib": "3.10.6",
  "matplotlib-inline": "0.1.7",
  "multidict": "6.6.4",
  "multiprocess": "0.70.18",
  "mypy_extensions": "1.1.0",
  "narwhals": "2.5.0",
  "networkx": "3.4.2",
  "numba": "0.62.0",
  "numpy": "2.2.6",
  "numpy-financial": "1.0.0",
  "openpyxl": "3.1.5",
  "packaging": "25.0",
  "pandas": "2.3.2",
  "pandas-stubs": "2.3.3.260113",
  "parso": "0.8.5",
  "pathspec": "0.12.1",
  "pexpect": "4.9.0",
  "pillow": "11.3.0",
  "platformdirs": "4.4.0",
  "plotly": "6.3.0",
  "pluggy": "1.6.0",
  "prompt_toolkit": "3.0.52",
  "propcache": "0.3.2",
  "ptyprocess": "0.7.0",
  "pure_eval": "0.2.3",
  "py-moneyed": "3.0",
  "pydantic": "2.11.9",
  "pydantic-settings": "2.11.0",
  "pydantic_core": "2.33.2",
  "pyparsing": "3.2.5",
  "pytest": "8.4.2",
  "python-dateutil": "2.9.0.post0",
  "python-dotenv": "1.1.1",
  "pytokens": "0.1.10",
  "pytz": "2025.2",
  "pyvis": "0.3.2",
  "pyxirr": "0.10.7",
  "referencing": "0.37.0",
  "requests": "2.32.5",
  "requests-toolbelt": "1.0.0",
  "rfc3339-validator": "0.1.4",
  "rpds-py": "0.30.0",
  "scipy": "1.15.3",
  "seaborn": "0.13.2",
  "six": "1.17.0",
  "sniffio": "1.3.1",
  "specklepy": "3.0.7",
  "stack-data": "0.6.3",
  "tabulate": "0.9.0",
  "tomli": "2.2.1",
  "traitlets": "5.14.3",
  "types-pytz": "2026.1.1.20260304",
  "typing-inspection": "0.4.1",
  "typing_extensions": "4.15.0",
  "tzdata": "2025.2",
  "ujson": "5.11.0",
  "urllib3": "2.5.0",
  "wcwidth": "0.2.14",
  "websockets": "15.0.1",
  "wrapt": "1.17.3",
  "yarl": "1.20.1"
}
