WARN Skipping file for pytz: pytz-2004d.tar.gz
WARN Skipping file for pytz: pytz-2005e.tar.gz
WARN Skipping file for pytz: pytz-2005i.tar.gz
WARN Skipping file for pytz: pytz-2005k.tar.bz2
WARN Skipping file for pytz: pytz-2005k.tar.gz
WARN Skipping file for pytz: pytz-2005k.zip
WARN Skipping file for pytz: pytz-2005m.tar.bz2
WARN Skipping file for pytz: pytz-2005m.tar.gz
WARN Skipping file for pytz: pytz-2005m.zip
WARN Skipping file for pytz: pytz-2006g-py2.4.egg
WARN Skipping file for pytz: pytz-2006g.tar.bz2
WARN Skipping file for pytz: pytz-2006g.tar.gz
WARN Skipping file for pytz: pytz-2006g.zip
WARN Skipping file for pytz: pytz-2006j-py2.4.egg
WARN Skipping file for pytz: pytz-2006j.tar.bz2
WARN Skipping file for pytz: pytz-2006j.tar.gz
WARN Skipping file for pytz: pytz-2006j.zip
WARN Skipping file for pytz: pytz-2006p-py2.4.egg
WARN Skipping file for pytz: pytz-2006p-py2.5.egg
WARN Skipping file for pytz: pytz-2006p.tar.bz2
WARN Skipping file for pytz: pytz-2006p.tar.gz
WARN Skipping file for pytz: pytz-2006p.zip
WARN Skipping file for pytz: pytz-2007c-py2.4.egg
WARN Skipping file for pytz: pytz-2007c-py2.5.egg
WARN Skipping file for pytz: pytz-2007d-py2.3.egg
WARN Skipping file for pytz: pytz-2007d-py2.4.egg
WARN Skipping file for pytz: pytz-2007d-py2.5.egg
WARN Skipping file for pytz: pytz-2007d.tar.bz2
WARN Skipping file for pytz: pytz-2007d.tar.gz
WARN Skipping file for pytz: pytz-2007d.zip
WARN Skipping file for pytz: pytz-2007f-py2.3.egg
WARN Skipping file for pytz: pytz-2007f-py2.4.egg
WARN Skipping file for pytz: pytz-2007f-py2.5.egg
WARN Skipping file for pytz: pytz-2007f.tar.bz2
WARN Skipping file for pytz: pytz-2007f.tar.gz
WARN Skipping file for pytz: pytz-2007f.zip
WARN Skipping file for pytz: pytz-2007g-py2.3.egg
WARN Skipping file for pytz: pytz-2007g-py2.4.egg
WARN Skipping file for pytz: pytz-2007g-py2.5.egg
WARN Skipping file for pytz: pytz-2007g.tar.bz2
WARN Skipping file for pytz: pytz-2007g.tar.gz
WARN Skipping file for pytz: pytz-2007g.zip
WARN Skipping file for pytz: pytz-2007i-py2.3.egg
WARN Skipping file for pytz: pytz-2007i-py2.4.egg
WARN Skipping file for pytz: pytz-2007i-py2.5.egg
WARN Skipping file for pytz: pytz-2007i.tar.bz2
WARN Skipping file for pytz: pytz-2007i.tar.gz
WARN Skipping file for pytz: pytz-2007i.zip
WARN Skipping file for pytz: pytz-2007k-py2.3.egg
WARN Skipping file for pytz: pytz-2007k-py2.4.egg
WARN Skipping file for pytz: pytz-2007k-py2.5.egg
WARN Skipping file for pytz: pytz-2007k.tar.bz2
WARN Skipping file for pytz: pytz-2007k.tar.gz
WARN Skipping file for pytz: pytz-2007k.zip
WARN Skipping file for pytz: pytz-2008a-py2.3.egg
WARN Skipping file for pytz: pytz-2008a-py2.4.egg
WARN Skipping file for pytz: pytz-2008a-py2.5.egg
WARN Skipping file for pytz: pytz-2008b-py2.3.egg
WARN Skipping file for pytz: pytz-2008b-py2.4.egg
WARN Skipping file for pytz: pytz-2008b-py2.5.egg
WARN Skipping file for pytz: pytz-2008c-py2.3.egg
WARN Skipping file for pytz: pytz-2008c-py2.4.egg
WARN Skipping file for pytz: pytz-2008c-py2.5.egg
WARN Skipping file for pytz: pytz-2008g-py2.3.egg
WARN Skipping file for pytz: pytz-2008g-py2.4.egg
WARN Skipping file for pytz: pytz-2008g-py2.5.egg
WARN Skipping file for pytz: pytz-2008g-py2.6.egg
WARN Skipping file for pytz: pytz-2008g.tar.bz2
WARN Skipping file for pytz: pytz-2008g.tar.gz
WARN Skipping file for pytz: pytz-2008g.zip
WARN Skipping file for pytz: pytz-2008h-py2.3.egg
WARN Skipping file for pytz: pytz-2008h-py2.4.egg
WARN Skipping file for pytz: pytz-2008h-py2.5.egg
WARN Skipping file for pytz: pytz-2008h-py2.6.egg
WARN Skipping file for pytz: pytz-2008h.tar.bz2
WARN Skipping file for pytz: pytz-2008h.tar.gz
WARN Skipping file for pytz: pytz-2008h.zip
WARN Skipping file for pytz: pytz-2008i-py2.3.egg
WARN Skipping file for pytz: pytz-2008i-py2.4.egg
WARN Skipping file for pytz: pytz-2008i-py2.5.egg
WARN Skipping file for pytz: pytz-2008i-py2.6.egg
WARN Skipping file for pytz: pytz-2008i.tar.bz2
WARN Skipping file for pytz: pytz-2008i.tar.gz
WARN Skipping file for pytz: pytz-2008i.zip
WARN Skipping file for pytz: pytz-2009a-py2.3.egg
WARN Skipping file for pytz: pytz-2009a-py2.4.egg
WARN Skipping file for pytz: pytz-2009a-py2.5.egg
WARN Skipping file for pytz: pytz-2009a-py2.6.egg
WARN Skipping file for pytz: pytz-2009d-py2.3.egg
WARN Skipping file for pytz: pytz-2009d-py2.4.egg
WARN Skipping file for pytz: pytz-2009d-py2.5.egg
WARN Skipping file for pytz: pytz-2009d-py2.6.egg
WARN Skipping file for pytz: pytz-2009d.tar.bz2
WARN Skipping file for pytz: pytz-2009d.tar.gz
WARN Skipping file for pytz: pytz-2009d.zip
WARN Skipping file for pytz: pytz-2009e-py2.3.egg
WARN Skipping file for pytz: pytz-2009e-py2.4.egg
WARN Skipping file for pytz: pytz-2009e-py2.5.egg
WARN Skipping file for pytz: pytz-2009e-py2.6.egg
WARN Skipping file for pytz: pytz-2009e.tar.bz2
WARN Skipping file for pytz: pytz-2009e.tar.gz
WARN Skipping file for pytz: pytz-2009e.zip
WARN Skipping file for pytz: pytz-2009f-py2.3.egg
WARN Skipping file for pytz: pytz-2009f-py2.4.egg
WARN Skipping file for pytz: pytz-2009f-py2.5.egg
WARN Skipping file for pytz: pytz-2009f-py2.6.egg
WARN Skipping file for pytz: pytz-2009f.tar.bz2
WARN Skipping file for pytz: pytz-2009f.tar.gz
WARN Skipping file for pytz: pytz-2009f.zip
WARN Skipping file for pytz: pytz-2009g-py2.3.egg
WARN Skipping file for pytz: pytz-2009g-py2.4.egg
WARN Skipping file for pytz: pytz-2009g-py2.5.egg
WARN Skipping file for pytz: pytz-2009g-py2.6.egg
WARN Skipping file for pytz: pytz-2009g.tar.bz2
WARN Skipping file for pytz: pytz-2009g.tar.gz
WARN Skipping file for pytz: pytz-2009g.zip
WARN Skipping file for pytz: pytz-2009i-py2.3.egg
WARN Skipping file for pytz: pytz-2009i-py2.4.egg
WARN Skipping file for pytz: pytz-2009i-py2.5.egg
WARN Skipping file for pytz: pytz-2009i-py2.6.egg
WARN Skipping file for pytz: pytz-2009i.tar.bz2
WARN Skipping file for pytz: pytz-2009i.tar.gz
WARN Skipping file for pytz: pytz-2009i.zip
WARN Skipping file for pytz: pytz-2009j-py2.3.egg
WARN Skipping file for pytz: pytz-2009j-py2.4.egg
WARN Skipping file for pytz: pytz-2009j-py2.5.egg
WARN Skipping file for pytz: pytz-2009j-py2.6.egg
WARN Skipping file for pytz: pytz-2009j.tar.bz2
WARN Skipping file for pytz: pytz-2009j.tar.gz
WARN Skipping file for pytz: pytz-2009j.zip
WARN Skipping file for pytz: pytz-2009l-py2.3.egg
WARN Skipping file for pytz: pytz-2009l-py2.4.egg
WARN Skipping file for pytz: pytz-2009l-py2.5.egg
WARN Skipping file for pytz: pytz-2009l-py2.6.egg
WARN Skipping file for pytz: pytz-2009l.tar.bz2
WARN Skipping file for pytz: pytz-2009l.tar.gz
WARN Skipping file for pytz: pytz-2009l.zip
WARN Skipping file for pytz: pytz-2009n-py2.3.egg
WARN Skipping file for pytz: pytz-2009n-py2.4.egg
WARN Skipping file for pytz: pytz-2009n-py2.5.egg
WARN Skipping file for pytz: pytz-2009n-py2.6.egg
WARN Skipping file for pytz: pytz-2009n.tar.bz2
WARN Skipping file for pytz: pytz-2009n.tar.gz
WARN Skipping file for pytz: pytz-2009n.zip
WARN Skipping file for pytz: pytz-2009p-py2.3.egg
WARN Skipping file for pytz: pytz-2009p-py2.4.egg
WARN Skipping file for pytz: pytz-2009p-py2.5.egg
WARN Skipping file for pytz: pytz-2009p-py2.6.egg
WARN Skipping file for pytz: pytz-2009p.tar.bz2
WARN Skipping file for pytz: pytz-2009p.tar.gz
WARN Skipping file for pytz: pytz-2009p.zip
WARN Skipping file for pytz: pytz-2009r-py2.3.egg
WARN Skipping file for pytz: pytz-2009r-py2.4.egg
WARN Skipping file for pytz: pytz-2009r-py2.5.egg
WARN Skipping file for pytz: pytz-2009r-py2.6.egg
WARN Skipping file for pytz: pytz-2009u-py2.3.egg
WARN Skipping file for pytz: pytz-2009u-py2.4.egg
WARN Skipping file for pytz: pytz-2009u-py2.5.egg
WARN Skipping file for pytz: pytz-2009u-py2.6.egg
WARN Skipping file for pytz: pytz-2009u.tar.bz2
WARN Skipping file for pytz: pytz-2009u.tar.gz
WARN Skipping file for pytz: pytz-2009u.zip
WARN Skipping file for pytz: pytz-2010b-py2.3.egg
WARN Skipping file for pytz: pytz-2010b-py2.4.egg
WARN Skipping file for pytz: pytz-2010b-py2.5.egg
WARN Skipping file for pytz: pytz-2010b-py2.6.egg
WARN Skipping file for pytz: pytz-2010e-py2.3.egg
WARN Skipping file for pytz: pytz-2010e-py2.4.egg
WARN Skipping file for pytz: pytz-2010e-py2.5.egg
WARN Skipping file for pytz: pytz-2010e-py2.6.egg
WARN Skipping file for pytz: pytz-2010e.tar.bz2
WARN Skipping file for pytz: pytz-2010e.tar.gz
WARN Skipping file for pytz: pytz-2010e.zip
WARN Skipping file for pytz: pytz-2010g-py2.3.egg
WARN Skipping file for pytz: pytz-2010g-py2.4.egg
WARN Skipping file for pytz: pytz-2010g-py2.5.egg
WARN Skipping file for pytz: pytz-2010g-py2.6.egg
WARN Skipping file for pytz: pytz-2010g.tar.bz2
WARN Skipping file for pytz: pytz-2010g.tar.gz
WARN Skipping file for pytz: pytz-2010g.zip
WARN Skipping file for pytz: pytz-2010h-py2.3.egg
WARN Skipping file for pytz: pytz-2010h-py2.4.egg
WARN Skipping file for pytz: pytz-2010h-py2.5.egg
WARN Skipping file for pytz: pytz-2010h-py2.6.egg
WARN Skipping file for pytz: pytz-2010h.tar.bz2
WARN Skipping file for pytz: pytz-2010h.tar.gz
WARN Skipping file for pytz: pytz-2010h.zip
WARN Skipping file for pytz: pytz-2010k-py2.3.egg
WARN Skipping file for pytz: pytz-2010k-py2.4.egg
WARN Skipping file for pytz: pytz-2010k-py2.5.egg
WARN Skipping file for pytz: pytz-2010k-py2.6.egg
WARN Skipping file for pytz: pytz-2010k.tar.bz2
WARN Skipping file for pytz: pytz-2010k.tar.gz
WARN Skipping file for pytz: pytz-2010k.zip
WARN Skipping file for pytz: pytz-2010l-py2.3.egg
WARN Skipping file for pytz: pytz-2010l-py2.4.egg
WARN Skipping file for pytz: pytz-2010l-py2.5.egg
WARN Skipping file for pytz: pytz-2010l-py2.6.egg
WARN Skipping file for pytz: pytz-2010l.tar.bz2
WARN Skipping file for pytz: pytz-2010l.tar.gz
WARN Skipping file for pytz: pytz-2010l.zip
WARN Skipping file for pytz: pytz-2010o-py2.3.egg
WARN Skipping file for pytz: pytz-2010o-py2.4.egg
WARN Skipping file for pytz: pytz-2010o-py2.5.egg
WARN Skipping file for pytz: pytz-2010o-py2.6.egg
WARN Skipping file for pytz: pytz-2010o-py2.7.egg
WARN Skipping file for pytz: pytz-2010o.tar.bz2
WARN Skipping file for pytz: pytz-2010o.tar.gz
WARN Skipping file for pytz: pytz-2010o.zip
WARN Skipping file for pytz: pytz-2011b-py2.4.egg
WARN Skipping file for pytz: pytz-2011b-py2.5.egg
WARN Skipping file for pytz: pytz-2011b-py2.6.egg
WARN Skipping file for pytz: pytz-2011b-py2.7.egg
WARN Skipping file for pytz: pytz-2011b-py3.1.egg
WARN Skipping file for pytz: pytz-2011c-py2.4.egg
WARN Skipping file for pytz: pytz-2011c-py2.5.egg
WARN Skipping file for pytz: pytz-2011c-py2.6.egg
WARN Skipping file for pytz: pytz-2011c-py2.7.egg
WARN Skipping file for pytz: pytz-2011c-py3.1.egg
WARN Skipping file for pytz: pytz-2011c-py3.2.egg
WARN Skipping file for pytz: pytz-2011d-py2.4.egg
WARN Skipping file for pytz: pytz-2011d-py2.5.egg
WARN Skipping file for pytz: pytz-2011d-py2.6.egg
WARN Skipping file for pytz: pytz-2011d-py2.7.egg
WARN Skipping file for pytz: pytz-2011d-py3.1.egg
WARN Skipping file for pytz: pytz-2011d-py3.2.egg
WARN Skipping file for pytz: pytz-2011d.tar.bz2
WARN Skipping file for pytz: pytz-2011d.tar.gz
WARN Skipping file for pytz: pytz-2011d.zip
WARN Skipping file for pytz: pytz-2011e-py2.4.egg
WARN Skipping file for pytz: pytz-2011e-py2.5.egg
WARN Skipping file for pytz: pytz-2011e-py2.6.egg
WARN Skipping file for pytz: pytz-2011e-py2.7.egg
WARN Skipping file for pytz: pytz-2011e-py3.1.egg
WARN Skipping file for pytz: pytz-2011e-py3.2.egg
WARN Skipping file for pytz: pytz-2011e.tar.bz2
WARN Skipping file for pytz: pytz-2011e.tar.gz
WARN Skipping file for pytz: pytz-2011e.zip
WARN Skipping file for pytz: pytz-2011g-py2.4.egg
WARN Skipping file for pytz: pytz-2011g-py2.5.egg
WARN Skipping file for pytz: pytz-2011g-py2.6.egg
WARN Skipping file for pytz: pytz-2011g-py2.7.egg
WARN Skipping file for pytz: pytz-2011g-py3.1.egg
WARN Skipping file for pytz: pytz-2011g-py3.2.egg
WARN Skipping file for pytz: pytz-2011g.tar.bz2
WARN Skipping file for pytz: pytz-2011g.tar.gz
WARN Skipping file for pytz: pytz-2011g.zip
WARN Skipping file for pytz: pytz-2011h-py2.4.egg
WARN Skipping file for pytz: pytz-2011h-py2.5.egg
WARN Skipping file for pytz: pytz-2011h-py2.6.egg
WARN Skipping file for pytz: pytz-2011h-py2.7.egg
WARN Skipping file for pytz: pytz-2011h-py3.1.egg
WARN Skipping file for pytz: pytz-2011h-py3.2.egg
WARN Skipping file for pytz: pytz-2011h.tar.bz2
WARN Skipping file for pytz: pytz-2011h.tar.gz
WARN Skipping file for pytz: pytz-2011h.zip
WARN Skipping file for pytz: pytz-2011j-py2.4.egg
WARN Skipping file for pytz: pytz-2011j-py2.5.egg
WARN Skipping file for pytz: pytz-2011j-py2.6.egg
WARN Skipping file for pytz: pytz-2011j-py2.7.egg
WARN Skipping file for pytz: pytz-2011j-py3.1.egg
WARN Skipping file for pytz: pytz-2011j-py3.2.egg
WARN Skipping file for pytz: pytz-2011j.tar.bz2
WARN Skipping file for pytz: pytz-2011j.tar.gz
WARN Skipping file for pytz: pytz-2011j.zip
WARN Skipping file for pytz: pytz-2011k-py2.4.egg
WARN Skipping file for pytz: pytz-2011k-py2.5.egg
WARN Skipping file for pytz: pytz-2011k-py2.6.egg
WARN Skipping file for pytz: pytz-2011k-py2.7.egg
WARN Skipping file for pytz: pytz-2011k-py3.1.egg
WARN Skipping file for pytz: pytz-2011k-py3.2.egg
WARN Skipping file for pytz: pytz-2011k.tar.bz2
WARN Skipping file for pytz: pytz-2011k.tar.gz
WARN Skipping file for pytz: pytz-2011k.zip
WARN Skipping file for pytz: pytz-2011n-py2.4.egg
WARN Skipping file for pytz: pytz-2011n-py2.5.egg
WARN Skipping file for pytz: pytz-2011n-py2.6.egg
WARN Skipping file for pytz: pytz-2011n-py2.7.egg
WARN Skipping file for pytz: pytz-2011n-py3.1.egg
WARN Skipping file for pytz: pytz-2011n-py3.2.egg
WARN Skipping file for pytz: pytz-2011n.tar.bz2
WARN Skipping file for pytz: pytz-2011n.tar.gz
WARN Skipping file for pytz: pytz-2011n.zip
WARN Skipping file for pytz: pytz-2012b-py2.4.egg
WARN Skipping file for pytz: pytz-2012b-py2.5.egg
WARN Skipping file for pytz: pytz-2012b-py2.6.egg
WARN Skipping file for pytz: pytz-2012b-py2.7.egg
WARN Skipping file for pytz: pytz-2012b-py3.1.egg
WARN Skipping file for pytz: pytz-2012b-py3.2.egg
WARN Skipping file for pytz: pytz-2012c-py2.4.egg
WARN Skipping file for pytz: pytz-2012c-py2.5.egg
WARN Skipping file for pytz: pytz-2012c-py2.6.egg
WARN Skipping file for pytz: pytz-2012c-py2.7.egg
WARN Skipping file for pytz: pytz-2012c-py3.1.egg
WARN Skipping file for pytz: pytz-2012c-py3.2.egg
WARN Skipping file for pytz: pytz-2012d-py2.4.egg
WARN Skipping file for pytz: pytz-2012d-py2.5.egg
WARN Skipping file for pytz: pytz-2012d-py2.6.egg
WARN Skipping file for pytz: pytz-2012d-py2.7.egg
WARN Skipping file for pytz: pytz-2012d-py3.1.egg
WARN Skipping file for pytz: pytz-2012d-py3.2.egg
WARN Skipping file for pytz: pytz-2012d.tar.bz2
WARN Skipping file for pytz: pytz-2012d.tar.gz
WARN Skipping file for pytz: pytz-2012d.zip
WARN Skipping file for pytz: pytz-2012f-py2.4.egg
WARN Skipping file for pytz: pytz-2012f-py2.5.egg
WARN Skipping file for pytz: pytz-2012f-py2.6.egg
WARN Skipping file for pytz: pytz-2012f-py2.7.egg
WARN Skipping file for pytz: pytz-2012f-py3.1.egg
WARN Skipping file for pytz: pytz-2012f-py3.2.egg
WARN Skipping file for pytz: pytz-2012f.tar.bz2
WARN Skipping file for pytz: pytz-2012f.tar.gz
WARN Skipping file for pytz: pytz-2012f.zip
WARN Skipping file for pytz: pytz-2012g-py2.4.egg
WARN Skipping file for pytz: pytz-2012g-py2.5.egg
WARN Skipping file for pytz: pytz-2012g-py2.6.egg
WARN Skipping file for pytz: pytz-2012g-py2.7.egg
WARN Skipping file for pytz: pytz-2012g-py3.1.egg
WARN Skipping file for pytz: pytz-2012g-py3.2.egg
WARN Skipping file for pytz: pytz-2012g.tar.bz2
WARN Skipping file for pytz: pytz-2012g.tar.gz
WARN Skipping file for pytz: pytz-2012g.zip
WARN Skipping file for pytz: pytz-2012h-py2.4.egg
WARN Skipping file for pytz: pytz-2012h-py2.5.egg
WARN Skipping file for pytz: pytz-2012h-py2.6.egg
WARN Skipping file for pytz: pytz-2012h-py2.7.egg
WARN Skipping file for pytz: pytz-2012h-py3.1.egg
WARN Skipping file for pytz: pytz-2012h-py3.2.egg
WARN Skipping file for pytz: pytz-2012h.tar.bz2
WARN Skipping file for pytz: pytz-2012h.tar.gz
WARN Skipping file for pytz: pytz-2012j-py2.4.egg
WARN Skipping file for pytz: pytz-2012j-py2.5.egg
WARN Skipping file for pytz: pytz-2012j-py2.6.egg
WARN Skipping file for pytz: pytz-2012j-py2.7.egg
WARN Skipping file for pytz: pytz-2012j-py3.1.egg
WARN Skipping file for pytz: pytz-2012j-py3.2.egg
WARN Skipping file for pytz: pytz-2012j.tar.bz2
WARN Skipping file for pytz: pytz-2012j.tar.gz
WARN Skipping file for pytz: pytz-2012j.zip
WARN Skipping file for pytz: pytz-2013.6-py2.4.egg
WARN Skipping file for pytz: pytz-2013.6-py2.5.egg
WARN Skipping file for pytz: pytz-2013.6-py2.6.egg
WARN Skipping file for pytz: pytz-2013.6-py2.7.egg
WARN Skipping file for pytz: pytz-2013.6-py3.1.egg
WARN Skipping file for pytz: pytz-2013.6-py3.2.egg
WARN Skipping file for pytz: pytz-2013.6-py3.3.egg
WARN Skipping file for pytz: pytz-2013.7-py2.4.egg
WARN Skipping file for pytz: pytz-2013.7-py2.5.egg
WARN Skipping file for pytz: pytz-2013.7-py2.6.egg
WARN Skipping file for pytz: pytz-2013.7-py2.7.egg
WARN Skipping file for pytz: pytz-2013.7-py3.3.egg
WARN Skipping file for pytz: pytz-2013.8-py2.4.egg
WARN Skipping file for pytz: pytz-2013.8-py2.5.egg
WARN Skipping file for pytz: pytz-2013.8-py2.6.egg
WARN Skipping file for pytz: pytz-2013.8-py2.7.egg
WARN Skipping file for pytz: pytz-2013.8-py3.1.egg
WARN Skipping file for pytz: pytz-2013.8-py3.2.egg
WARN Skipping file for pytz: pytz-2013.8-py3.3.egg
WARN Skipping file for pytz: pytz-2013.9-py2.4.egg
WARN Skipping file for pytz: pytz-2013.9-py2.5.egg
WARN Skipping file for pytz: pytz-2013.9-py2.6.egg
WARN Skipping file for pytz: pytz-2013.9-py2.7.egg
WARN Skipping file for pytz: pytz-2013.9-py3.2.egg
WARN Skipping file for pytz: pytz-2013.9-py3.3.egg
WARN Skipping file for pytz: pytz-2013b-py2.4.egg
WARN Skipping file for pytz: pytz-2013b-py2.5.egg
WARN Skipping file for pytz: pytz-2013b-py2.6.egg
WARN Skipping file for pytz: pytz-2013b-py2.7.egg
WARN Skipping file for pytz: pytz-2013b-py3.1.egg
WARN Skipping file for pytz: pytz-2013b-py3.2.egg
WARN Skipping file for pytz: pytz-2013d-py2.4.egg
WARN Skipping file for pytz: pytz-2013d-py2.5.egg
WARN Skipping file for pytz: pytz-2013d-py2.6.egg
WARN Skipping file for pytz: pytz-2013d-py2.7.egg
WARN Skipping file for pytz: pytz-2013d-py3.1.egg
WARN Skipping file for pytz: pytz-2013d-py3.2.egg
WARN Skipping file for pytz: pytz-2013d-py3.3.egg
WARN Skipping file for pytz: pytz-2013d.tar.bz2
WARN Skipping file for pytz: pytz-2013d.tar.gz
WARN Skipping file for pytz: pytz-2013d.zip
WARN Skipping file for pytz: pytz-2014.1.1-py2.4.egg
WARN Skipping file for pytz: pytz-2014.1.1-py2.5.egg
WARN Skipping file for pytz: pytz-2014.1.1-py2.6.egg
WARN Skipping file for pytz: pytz-2014.1.1-py2.7.egg
WARN Skipping file for pytz: pytz-2014.1.1-py3.3.egg
WARN Skipping file for pytz: pytz-2014.10-py2.4.egg
WARN Skipping file for pytz: pytz-2014.10-py2.5.egg
WARN Skipping file for pytz: pytz-2014.10-py2.6.egg
WARN Skipping file for pytz: pytz-2014.10-py2.7.egg
WARN Skipping file for pytz: pytz-2014.10-py3.1.egg
WARN Skipping file for pytz: pytz-2014.10-py3.2.egg
WARN Skipping file for pytz: pytz-2014.10-py3.3.egg
WARN Skipping file for pytz: pytz-2014.10-py3.4.egg
WARN Skipping file for pytz: pytz-2014.2-py2.4.egg
WARN Skipping file for pytz: pytz-2014.2-py2.5.egg
WARN Skipping file for pytz: pytz-2014.2-py2.6.egg
WARN Skipping file for pytz: pytz-2014.3-py2.4.egg
WARN Skipping file for pytz: pytz-2014.3-py2.5.egg
WARN Skipping file for pytz: pytz-2014.3-py2.6.egg
WARN Skipping file for pytz: pytz-2014.3-py2.7.egg
WARN Skipping file for pytz: pytz-2014.3-py3.3.egg
WARN Skipping file for pytz: pytz-2014.4-py2.4.egg
WARN Skipping file for pytz: pytz-2014.4-py2.5.egg
WARN Skipping file for pytz: pytz-2014.4-py2.6.egg
WARN Skipping file for pytz: pytz-2014.4-py2.7.egg
WARN Skipping file for pytz: pytz-2014.4-py3.3.egg
WARN Skipping file for pytz: pytz-2014.7-py2.4.egg
WARN Skipping file for pytz: pytz-2014.7-py2.5.egg
WARN Skipping file for pytz: pytz-2014.7-py2.6.egg
WARN Skipping file for pytz: pytz-2014.7-py2.7.egg
WARN Skipping file for pytz: pytz-2014.7-py3.3.egg
WARN Skipping file for pytz: pytz-2014.9-py2.4.egg
WARN Skipping file for pytz: pytz-2014.9-py2.5.egg
WARN Skipping file for pytz: pytz-2014.9-py2.6.egg
WARN Skipping file for pytz: pytz-2014.9-py2.7.egg
WARN Skipping file for pytz: pytz-2014.9-py3.1.egg
WARN Skipping file for pytz: pytz-2014.9-py3.2.egg
WARN Skipping file for pytz: pytz-2014.9-py3.3.egg
WARN Skipping file for pytz: pytz-2014.9-py3.4.egg
WARN Skipping file for pytz: pytz-2015.2-py2.4.egg
WARN Skipping file for pytz: pytz-2015.2-py2.5.egg
WARN Skipping file for pytz: pytz-2015.2-py2.6.egg
WARN Skipping file for pytz: pytz-2015.2-py2.7.egg
WARN Skipping file for pytz: pytz-2015.2-py3.1.egg
WARN Skipping file for pytz: pytz-2015.2-py3.2.egg
WARN Skipping file for pytz: pytz-2015.2-py3.3.egg
WARN Skipping file for pytz: pytz-2015.2-py3.4.egg
WARN Skipping file for pytz: pytz-2015.4-py2.4.egg
WARN Skipping file for pytz: pytz-2015.4-py2.5.egg
WARN Skipping file for pytz: pytz-2015.4-py2.6.egg
WARN Skipping file for pytz: pytz-2015.4-py2.7.egg
WARN Skipping file for pytz: pytz-2015.4-py3.1.egg
WARN Skipping file for pytz: pytz-2015.4-py3.2.egg
WARN Skipping file for pytz: pytz-2015.4-py3.3.egg
WARN Skipping file for pytz: pytz-2015.4-py3.4.egg
WARN Skipping file for pytz: pytz-2015.6-py2.4.egg
WARN Skipping file for pytz: pytz-2015.6-py2.5.egg
WARN Skipping file for pytz: pytz-2015.6-py2.6.egg
WARN Skipping file for pytz: pytz-2015.6-py2.7.egg
WARN Skipping file for pytz: pytz-2015.6-py3.1.egg
WARN Skipping file for pytz: pytz-2015.6-py3.2.egg
WARN Skipping file for pytz: pytz-2015.6-py3.3.egg
WARN Skipping file for pytz: pytz-2015.6-py3.4.egg
WARN Skipping file for pytz: pytz-2015.6-py3.5.egg
WARN Skipping file for pytz: pytz-2015.7-py2.4.egg
WARN Skipping file for pytz: pytz-2015.7-py2.5.egg
WARN Skipping file for pytz: pytz-2015.7-py2.6.egg
WARN Skipping file for pytz: pytz-2015.7-py2.7.egg
WARN Skipping file for pytz: pytz-2015.7-py3.1.egg
WARN Skipping file for pytz: pytz-2015.7-py3.2.egg
WARN Skipping file for pytz: pytz-2015.7-py3.3.egg
WARN Skipping file for pytz: pytz-2015.7-py3.4.egg
WARN Skipping file for pytz: pytz-2015.7-py3.5.egg
WARN Skipping file for pytz: pytz-2016.1-py2.4.egg
WARN Skipping file for pytz: pytz-2016.1-py2.5.egg
WARN Skipping file for pytz: pytz-2016.1-py2.6.egg
WARN Skipping file for pytz: pytz-2016.1-py2.7.egg
WARN Skipping file for pytz: pytz-2016.1-py3.1.egg
WARN Skipping file for pytz: pytz-2016.1-py3.2.egg
WARN Skipping file for pytz: pytz-2016.1-py3.3.egg
WARN Skipping file for pytz: pytz-2016.1-py3.4.egg
WARN Skipping file for pytz: pytz-2016.1-py3.5.egg
WARN Skipping file for pytz: pytz-2016.10-py2.4.egg
WARN Skipping file for pytz: pytz-2016.10-py2.5.egg
WARN Skipping file for pytz: pytz-2016.10-py2.6.egg
WARN Skipping file for pytz: pytz-2016.10-py2.7.egg
WARN Skipping file for pytz: pytz-2016.10-py3.1.egg
WARN Skipping file for pytz: pytz-2016.10-py3.2.egg
WARN Skipping file for pytz: pytz-2016.10-py3.3.egg
WARN Skipping file for pytz: pytz-2016.10-py3.4.egg
WARN Skipping file for pytz: pytz-2016.10-py3.5.egg
WARN Skipping file for pytz: pytz-2016.2-py2.4.egg
WARN Skipping file for pytz: pytz-2016.2-py2.5.egg
WARN Skipping file for pytz: pytz-2016.2-py2.6.egg
WARN Skipping file for pytz: pytz-2016.2-py2.7.egg
WARN Skipping file for pytz: pytz-2016.2-py3.1.egg
WARN Skipping file for pytz: pytz-2016.2-py3.2.egg
WARN Skipping file for pytz: pytz-2016.2-py3.3.egg
WARN Skipping file for pytz: pytz-2016.2-py3.4.egg
WARN Skipping file for pytz: pytz-2016.2-py3.5.egg
WARN Skipping file for pytz: pytz-2016.3-py2.4.egg
WARN Skipping file for pytz: pytz-2016.3-py2.5.egg
WARN Skipping file for pytz: pytz-2016.3-py2.6.egg
WARN Skipping file for pytz: pytz-2016.3-py2.7.egg
WARN Skipping file for pytz: pytz-2016.3-py3.1.egg
WARN Skipping file for pytz: pytz-2016.3-py3.2.egg
WARN Skipping file for pytz: pytz-2016.3-py3.3.egg
WARN Skipping file for pytz: pytz-2016.3-py3.4.egg
WARN Skipping file for pytz: pytz-2016.3-py3.5.egg
WARN Skipping file for pytz: pytz-2016.4-py2.4.egg
WARN Skipping file for pytz: pytz-2016.4-py2.5.egg
WARN Skipping file for pytz: pytz-2016.4-py2.6.egg
WARN Skipping file for pytz: pytz-2016.4-py2.7.egg
WARN Skipping file for pytz: pytz-2016.4-py3.1.egg
WARN Skipping file for pytz: pytz-2016.4-py3.2.egg
WARN Skipping file for pytz: pytz-2016.4-py3.3.egg
WARN Skipping file for pytz: pytz-2016.4-py3.4.egg
WARN Skipping file for pytz: pytz-2016.4-py3.5.egg
WARN Skipping file for pytz: pytz-2016.6-py2.4.egg
WARN Skipping file for pytz: pytz-2016.6-py2.5.egg
WARN Skipping file for pytz: pytz-2016.6-py2.6.egg
WARN Skipping file for pytz: pytz-2016.6-py2.7.egg
WARN Skipping file for pytz: pytz-2016.6-py3.1.egg
WARN Skipping file for pytz: pytz-2016.6-py3.2.egg
WARN Skipping file for pytz: pytz-2016.6-py3.3.egg
WARN Skipping file for pytz: pytz-2016.6-py3.4.egg
WARN Skipping file for pytz: pytz-2016.6-py3.5.egg
WARN Skipping file for pytz: pytz-2016.6.1-py2.4.egg
WARN Skipping file for pytz: pytz-2016.6.1-py2.5.egg
WARN Skipping file for pytz: pytz-2016.6.1-py2.6.egg
WARN Skipping file for pytz: pytz-2016.6.1-py2.7.egg
WARN Skipping file for pytz: pytz-2016.6.1-py3.1.egg
WARN Skipping file for pytz: pytz-2016.6.1-py3.2.egg
WARN Skipping file for pytz: pytz-2016.6.1-py3.3.egg
WARN Skipping file for pytz: pytz-2016.6.1-py3.4.egg
WARN Skipping file for pytz: pytz-2016.6.1-py3.5.egg
WARN Skipping file for pytz: pytz-2016.7-py2.4.egg
WARN Skipping file for pytz: pytz-2016.7-py2.5.egg
WARN Skipping file for pytz: pytz-2016.7-py2.6.egg
WARN Skipping file for pytz: pytz-2016.7-py2.7.egg
WARN Skipping file for pytz: pytz-2016.7-py3.1.egg
WARN Skipping file for pytz: pytz-2016.7-py3.2.egg
WARN Skipping file for pytz: pytz-2016.7-py3.3.egg
WARN Skipping file for pytz: pytz-2016.7-py3.4.egg
WARN Skipping file for pytz: pytz-2016.7-py3.5.egg
WARN Skipping file for pytz: pytz-2017.2-py2.4.egg
WARN Skipping file for pytz: pytz-2017.2-py2.5.egg
WARN Skipping file for pytz: pytz-2017.2-py2.6.egg
WARN Skipping file for pytz: pytz-2017.2-py2.7.egg
WARN Skipping file for pytz: pytz-2017.2-py3.3.egg
WARN Skipping file for pytz: pytz-2017.2-py3.4.egg
WARN Skipping file for pytz: pytz-2017.2-py3.5.egg
WARN Skipping file for pytz: pytz-2017.3-py2.4.egg
WARN Skipping file for pytz: pytz-2017.3-py2.5.egg
WARN Skipping file for pytz: pytz-2017.3-py2.6.egg
WARN Skipping file for pytz: pytz-2017.3-py2.7.egg
WARN Skipping file for pytz: pytz-2017.3-py3.3.egg
WARN Skipping file for pytz: pytz-2017.3-py3.4.egg
WARN Skipping file for pytz: pytz-2017.3-py3.5.egg
WARN Skipping file for pytz: pytz-2018.3-py2.4.egg
WARN Skipping file for pytz: pytz-2018.3-py2.5.egg
WARN Skipping file for pytz: pytz-2018.3-py2.6.egg
WARN Skipping file for pytz: pytz-2018.3-py2.7.egg
WARN Skipping file for pytz: pytz-2018.3-py3.3.egg
WARN Skipping file for pytz: pytz-2018.3-py3.4.egg
WARN Skipping file for pytz: pytz-2018.3-py3.5.egg
Resolved 117 packages in 701ms
Added polars v1.44.2
Added polars-runtime-32 v1.44.2
