rangekeeper/policies/observation.py:25: error: Need type annotation for "evidence" (hint: "evidence: dict[<type>, <type>] = ...")  [var-annotated]
rangekeeper/policies/observation.py:43: error: Incompatible types in assignment (expression has type "Movement", variable has type "ObservationAvailability")  [assignment]
rangekeeper/policies/observation.py:44: error: "ObservationAvailability" has no attribute "date"  [attr-defined]
rangekeeper/policies/observation.py:45: error: "ObservationAvailability" has no attribute "date"  [attr-defined]
rangekeeper/policies/observation.py:46: error: "ObservationAvailability" has no attribute "period"  [attr-defined]
rangekeeper/policies/observation.py:48: error: Argument 1 to "resolve_date" has incompatible type "ObservationAvailability"; expected "Movement"  [arg-type]
rangekeeper/policies/observation.py:49: error: "ObservationAvailability" has no attribute "magnitude"  [attr-defined]
rangekeeper/scenarios/plan.py:32: error: Argument 1 to "update" of "MutableMapping" has incompatible type "Mapping[str, float | Quantity | DistributionParameters]"; expected "SupportsKeysAndGetItem[str, float]"  [arg-type]
rangekeeper/policies/evaluation.py:40: error: Argument "target" to "Assignment" has incompatible type "ValueReference | None"; expected "ValueReference"  [arg-type]
rangekeeper/policies/evaluation.py:40: error: Argument "quantity" to "Assignment" has incompatible type "Quantity | None"; expected "Quantity"  [arg-type]
rangekeeper/policies/evaluation.py:56: error: Need type annotation for "decisions" (hint: "decisions: list[<type>] = ...")  [var-annotated]
rangekeeper/scenarios/market.py:46: error: Item "None" of "Quantity | None" has no attribute "magnitude"  [union-attr]
rangekeeper/scenarios/market.py:49: error: Item "None" of "Quantity | None" has no attribute "magnitude"  [union-attr]
rangekeeper/scenarios/market.py:62: error: Argument "available_at" to "ObservationAvailability" has incompatible type "date | None"; expected "date"  [arg-type]
rangekeeper/scenarios/market.py:64: error: "object" has no attribute "append"  [attr-defined]
rangekeeper/scenarios/market.py:66: error: "object" has no attribute "append"  [attr-defined]
rangekeeper/scenarios/market.py:68: error: "object" has no attribute "append"  [attr-defined]
rangekeeper/scenarios/market.py:112: error: Value of type "object" is not indexable  [index]
rangekeeper/scenarios/market.py:116: error: Item "None" of "Flow | None" has no attribute "movements"  [union-attr]
rangekeeper/scenarios/market.py:117: error: Unsupported target for indexed assignment ("object")  [index]
rangekeeper/scenarios/market.py:117: error: Value of type "object" is not indexable  [index]
rangekeeper/scenarios/market.py:118: error: Argument 1 to "from_data" of "Record" has incompatible type "object"; expected "Mapping[str, object]"  [arg-type]
rangekeeper/formulations/account.py:25: error: Need type annotation for "equations" (hint: "equations: list[<type>] = ...")  [var-annotated]
rangekeeper/scenarios/replay.py:26: error: Item "None" of "Flow | None" has no attribute "to_data"  [union-attr]
rangekeeper/scenarios/replay.py:27: error: Item "object" of "object | Any" has no attribute "__iter__" (not iterable)  [union-attr]
rangekeeper/examples/investment.py:33: error: Item "None" of "System | None" has no attribute "formulations"  [union-attr]
rangekeeper/examples/investment.py:72: error: "object" has no attribute "append"  [attr-defined]
rangekeeper/examples/investment.py:74: error: "object" has no attribute "extend"  [attr-defined]
rangekeeper/examples/investment.py:128: error: Item "None" of "System | None" has no attribute "to_data"  [union-attr]
rangekeeper/examples/investment.py:128: error: Item "object" of "object | Any" has no attribute "append"  [union-attr]
rangekeeper/examples/investment.py:174: error: Item "None" of "Flow | None" has no attribute "movements"  [union-attr]
rangekeeper/examples/investment.py:178: error: Item "None" of "Flow | None" has no attribute "movements"  [union-attr]
rangekeeper/examples/investment.py:178: error: Item "None" of "Period | Any | None" has no attribute "start"  [union-attr]
rangekeeper/examples/investment.py:180: error: Item "None" of "Quantity | None" has no attribute "magnitude"  [union-attr]
rangekeeper/examples/investment.py:181: error: Item "None" of "Flow | None" has no attribute "movements"  [union-attr]
rangekeeper/examples/investment.py:181: error: Unsupported operand types for <= ("date" and "None")  [operator]
rangekeeper/examples/investment.py:181: error: Unsupported operand types for >= ("date" and "None")  [operator]
rangekeeper/examples/investment.py:181: error: Unsupported left operand type for <= ("None")  [operator]
rangekeeper/examples/investment.py:181: note: Both left and right operands are unions
rangekeeper/examples/investment.py:182: error: Item "None" of "Flow | None" has no attribute "units"  [union-attr]
rangekeeper/examples/investment.py:186: error: Unsupported operand types for + ("int" and "None")  [operator]
rangekeeper/examples/investment.py:186: error: Unsupported operand types for + ("float" and "None")  [operator]
rangekeeper/examples/investment.py:186: note: Both left and right operands are unions
rangekeeper/examples/investment.py:186: error: Argument 6 to "InvestmentReport" has incompatible type "date | Any | None"; expected "date"  [arg-type]
rangekeeper/examples/investment.py:206: error: Item "None" of "Flow | None" has no attribute "movements"  [union-attr]
rangekeeper/examples/investment.py:206: error: Item "None" of "Period | Any | None" has no attribute "start"  [union-attr]
rangekeeper/examples/investment.py:207: error: Item "None" of "Quantity | None" has no attribute "magnitude"  [union-attr]
rangekeeper/examples/investment.py:209: error: Item "None" of "Flow | None" has no attribute "movements"  [union-attr]
rangekeeper/examples/investment.py:211: error: Item "None" of "Flow | None" has no attribute "movements"  [union-attr]
rangekeeper/examples/investment.py:213: error: Item "None" of "Flow | None" has no attribute "units"  [union-attr]
Found 48 errors in 7 files (checked 139 source files)
Traceback (most recent call last):
  File "/Volumes/Data/Projects/Rangekeeper/tools/schema/typecheck.py", line 57, in <module>
    subprocess.run(
  File "/Users/daniel/.local/share/uv/python/cpython-3.10.19-macos-aarch64-none/lib/python3.10/subprocess.py", line 526, in run
    raise CalledProcessError(retcode, process.args,
subprocess.CalledProcessError: Command '['/private/tmp/rk-full-runtime/bin/python', '-m', 'mypy', '--follow-imports=silent', '--ignore-missing-imports', '--cache-dir=/var/folders/sk/cjq5zjks7gx_3tf9m67y43xr0000gn/T/rk-mypy-0vol1q1_', 'rangekeeper/_schema/records.py', 'rangekeeper/_records.py', 'rangekeeper/diagnostics.py', 'rangekeeper/errors.py', 'rangekeeper/validate.py', 'rangekeeper/_validation.py', 'rangekeeper/model', 'rangekeeper/duration', 'rangekeeper/calculations', 'rangekeeper/formulations', 'rangekeeper/scenarios', 'rangekeeper/policies', 'rangekeeper/examples', 'rangekeeper/adapters/plotting.py', 'rangekeeper/migration', 'rangekeeper/adapters/pandas.py', 'rangekeeper/adapters/polars.py', 'rangekeeper/specification', 'rangekeeper/units.py', 'rangekeeper/references.py', 'rangekeeper/_comparison.py', 'rangekeeper/run', 'rangekeeper/io', 'rangekeeper/execution', 'rangekeeper/graph/__init__.py', 'rangekeeper/graph/view.py', 'rangekeeper/graph/projection.py', 'rangekeeper/table.py', 'rangekeeper/workflow/runtime.py', 'rangekeeper/workflow/composition.py', 'rangekeeper/workflow/provenance.py', 'rangekeeper/graph/hierarchy.py', 'rangekeeper/graph/membership.py', 'rangekeeper/graph/selection.py', 'rangekeeper/graph/reduction.py', 'rangekeeper/graph/reducers.py', 'rangekeeper/__init__.py', '/Volumes/Data/Projects/Rangekeeper/tools/schema/typing_valid.py', '/Volumes/Data/Projects/Rangekeeper/tools/schema/typing_domain_valid.py', '/Volumes/Data/Projects/Rangekeeper/tools/schema/typing_io_valid.py', '/Volumes/Data/Projects/Rangekeeper/tools/schema/typing_execution_valid.py', '/Volumes/Data/Projects/Rangekeeper/tools/schema/typing_graph_valid.py', '/Volumes/Data/Projects/Rangekeeper/tools/schema/typing_consumers_valid.py']' returned non-zero exit status 1.
