[IPKernelApp] WARNING | Kernel is running over TCP without encryption. All communication (including code and outputs) is sent in plain text and is susceptible to eavesdropping. Use IPC transport or launch with kernel manager-provisioned CurveZMQ keys to enable transport encryption.
Traceback (most recent call last):
  File "/Volumes/Data/Projects/Rangekeeper/docs/research/full-migration/turn2/run_notebook.py", line 40, in <module>
    ).execute()
  File "/private/tmp/rk-full-runtime/lib/python3.10/site-packages/jupyter_core/utils/__init__.py", line 165, in wrapped
    return loop.run_until_complete(inner)
  File "/Users/daniel/.local/share/uv/python/cpython-3.10.19-macos-aarch64-none/lib/python3.10/asyncio/base_events.py", line 649, in run_until_complete
    return future.result()
  File "/private/tmp/rk-full-runtime/lib/python3.10/site-packages/nbclient/client.py", line 709, in async_execute
    await self.async_execute_cell(
  File "/private/tmp/rk-full-runtime/lib/python3.10/site-packages/nbclient/client.py", line 1062, in async_execute_cell
    await self._check_raise_for_error(cell, cell_index, exec_reply)
  File "/private/tmp/rk-full-runtime/lib/python3.10/site-packages/nbclient/client.py", line 918, in _check_raise_for_error
    raise CellExecutionError.from_cell_and_msg(cell, exec_reply_content)
nbclient.exceptions.CellExecutionError: An error occurred while executing the following cell:
------------------
income_model, effective_gross_income = record_flows({
    "potential_gross_income": potential_gross_income, "vacancy": vacancy})
[(value.key, value.id) for value in effective_gross_income.values]
------------------


[0;31m---------------------------------------------------------------------------[0m
[0;31mUnsupportedVersionError[0m                   Traceback (most recent call last)
Cell [0;32mIn[13], line 1[0m
[0;32m----> 1[0m income_model, effective_gross_income [38;5;241m=[39m [43mrecord_flows[49m[43m([49m[43m{[49m
[1;32m      2[0m [43m    [49m[38;5;124;43m"[39;49m[38;5;124;43mpotential_gross_income[39;49m[38;5;124;43m"[39;49m[43m:[49m[43m [49m[43mpotential_gross_income[49m[43m,[49m[43m [49m[38;5;124;43m"[39;49m[38;5;124;43mvacancy[39;49m[38;5;124;43m"[39;49m[43m:[49m[43m [49m[43mvacancy[49m[43m}[49m[43m)[49m
[1;32m      3[0m [(value[38;5;241m.[39mkey, value[38;5;241m.[39mid) [38;5;28;01mfor[39;00m value [38;5;129;01min[39;00m effective_gross_income[38;5;241m.[39mvalues]

Cell [0;32mIn[2], line 10[0m, in [0;36mrecord_flows[0;34m(flows)[0m
[1;32m      6[0m values [38;5;241m=[39m [38;5;28mtuple[39m(Value([38;5;28mid[39m[38;5;241m=[39muuid4(), key[38;5;241m=[39mkey, kind[38;5;241m=[39m[38;5;124m"[39m[38;5;124mflow[39m[38;5;124m"[39m, measure[38;5;241m=[39mmeasure[38;5;241m.[39mid, flow[38;5;241m=[39mflow)
[1;32m      7[0m                [38;5;28;01mfor[39;00m key, flow [38;5;129;01min[39;00m flows[38;5;241m.[39mitems())
[1;32m      8[0m entity [38;5;241m=[39m Entity([38;5;28mid[39m[38;5;241m=[39muuid4(), code[38;5;241m=[39m[38;5;124m"[39m[38;5;124mproperty[39m[38;5;124m"[39m, name[38;5;241m=[39m[38;5;124m"[39m[38;5;124mExample property[39m[38;5;124m"[39m,
[1;32m      9[0m                 characteristics[38;5;241m=[39mCharacteristics(values[38;5;241m=[39mvalues))
[0;32m---> 10[0m model [38;5;241m=[39m [43mrk[49m[38;5;241;43m.[39;49m[43mModel[49m[38;5;241;43m.[39;49m[43mcreate[49m[43m([49m[43mmetadata[49m[38;5;241;43m=[39;49m[43mMetadata[49m[43m([49m[38;5;28;43mid[39;49m[38;5;241;43m=[39;49m[43muuid4[49m[43m([49m[43m)[49m[43m,[49m[43m [49m[43mschema_version[49m[38;5;241;43m=[39;49m[38;5;124;43m"[39;49m[38;5;124;43m0.4.0[39;49m[38;5;124;43m"[39;49m[43m)[49m[43m,[49m
[1;32m     11[0m [43m                        [49m[43mdefinitions[49m[38;5;241;43m=[39;49m[43mDefinitions[49m[43m([49m[43mmeasures[49m[38;5;241;43m=[39;49m[43m([49m[43mmeasure[49m[43m,[49m[43m)[49m[43m)[49m[43m,[49m
[1;32m     12[0m [43m                        [49m[43msystem[49m[38;5;241;43m=[39;49m[43mSystem[49m[43m([49m[43mentities[49m[38;5;241;43m=[39;49m[43m([49m[43mentity[49m[43m,[49m[43m)[49m[43m)[49m[43m)[49m
[1;32m     13[0m [38;5;28;01mreturn[39;00m model, Stream[38;5;241m.[39mfrom_values(model, (value[38;5;241m.[39mid [38;5;28;01mfor[39;00m value [38;5;129;01min[39;00m values))

File [0;32m/private/tmp/rk-turn2-final-wheel/site/rangekeeper/model/model.py:87[0m, in [0;36mModel.create[0;34m(cls, metadata, definitions, system, provenance, units)[0m
[1;32m     76[0m [38;5;129m@classmethod[39m
[1;32m     77[0m [38;5;28;01mdef[39;00m[38;5;250m [39m[38;5;21mcreate[39m(
[1;32m     78[0m     [38;5;28mcls[39m,
[0;32m   (...)[0m
[1;32m     84[0m     units: UnitSystem [38;5;241m=[39m default_units,
[1;32m     85[0m ) [38;5;241m-[39m[38;5;241m>[39m [38;5;124m"[39m[38;5;124mModel[39m[38;5;124m"[39m:
[1;32m     86[0m [38;5;250m    [39m[38;5;124;03m"""Author a complete Model with typed sections and the same validation path."""[39;00m
[0;32m---> 87[0m     [38;5;28;01mreturn[39;00m [38;5;28;43mcls[39;49m[43m([49m
[1;32m     88[0m [43m        [49m[43mModelRecord[49m[43m([49m
[1;32m     89[0m [43m            [49m[43mmetadata[49m[38;5;241;43m=[39;49m[43mmetadata[49m[43m,[49m
[1;32m     90[0m [43m            [49m[43mdefinitions[49m[38;5;241;43m=[39;49m[43mdefinitions[49m[43m,[49m
[1;32m     91[0m [43m            [49m[43msystem[49m[38;5;241;43m=[39;49m[43msystem[49m[43m,[49m
[1;32m     92[0m [43m            [49m[43mprovenance[49m[38;5;241;43m=[39;49m[43mprovenance[49m[43m,[49m
[1;32m     93[0m [43m        [49m[43m)[49m[43m,[49m
[1;32m     94[0m [43m        [49m[43munits[49m[38;5;241;43m=[39;49m[43munits[49m[43m,[49m
[1;32m     95[0m [43m    [49m[43m)[49m

File [0;32m/private/tmp/rk-turn2-final-wheel/site/rangekeeper/model/model.py:55[0m, in [0;36mModel.__init__[0;34m(self, record, units)[0m
[1;32m     53[0m     [38;5;28;01mraise[39;00m [38;5;167;01mTypeError[39;00m([38;5;124m"[39m[38;5;124munits must be a UnitSystem[39m[38;5;124m"[39m)
[1;32m     54[0m [38;5;28;01mif[39;00m record[38;5;241m.[39mmetadata[38;5;241m.[39mschema_version [38;5;241m!=[39m document_version([38;5;124m"[39m[38;5;124mModel[39m[38;5;124m"[39m):
[0;32m---> 55[0m     [38;5;28;01mraise[39;00m UnsupportedVersionError(record[38;5;241m.[39mmetadata[38;5;241m.[39mschema_version)
[1;32m     56[0m index [38;5;241m=[39m Index[38;5;241m.[39mbuild(record)
[1;32m     57[0m [38;5;28;01mfrom[39;00m[38;5;250m [39m[38;5;21;01m.[39;00m[38;5;21;01mvalidation[39;00m[38;5;250m [39m[38;5;28;01mimport[39;00m validate

[0;31mUnsupportedVersionError[0m: 0.4.0

[IPKernelApp] WARNING | Parent appears to have exited, shutting down.
